Archive member included to satisfy reference by file (symbol)

DroneDevicePlatform/libDroneDevicePlatform.a(Dma.cpp.obj)
                              Board/CMakeFiles/BoardObjects.dir/F401RE/Main.cpp.obj (symbol from plugin) (DmaBase<2u, 0u>::instance)
DroneDevicePlatform/libDroneDevicePlatform.a(TimerBase.cpp.obj)
                              Board/CMakeFiles/BoardObjects.dir/F401RE/Main.cpp.obj (symbol from plugin) (TimerBase<2u>::instance)
DroneDevicePlatform/libDroneDevicePlatform.a(Usart.cpp.obj)
                              Board/CMakeFiles/BoardObjects.dir/F401RE/Main.cpp.obj (symbol from plugin) (UsartBase<1u>::instance)
DroneDevicePlatform/libDroneDevicePlatform.a(LocalTime.cpp.obj)
                              Board/CMakeFiles/BoardObjects.dir/F401RE/Main.cpp.obj (symbol from plugin) (LocalTime::prescaler)
/home/anton/geoscan_ws/gromadcbridge/build/DroneDevicePlatform/libopencm3/lib/libopencm3_stm32f4.a(adc_common_v1.o)
                              Board/CMakeFiles/BoardObjects.dir/F401RE/Main.cpp.obj (symbol from plugin) (adc_power_off)
/home/anton/geoscan_ws/gromadcbridge/build/DroneDevicePlatform/libopencm3/lib/libopencm3_stm32f4.a(adc_common_v1_multi.o)
                              Board/CMakeFiles/BoardObjects.dir/F401RE/Main.cpp.obj (symbol from plugin) (adc_power_on)
/home/anton/geoscan_ws/gromadcbridge/build/DroneDevicePlatform/libopencm3/lib/libopencm3_stm32f4.a(adc_common_f47.o)
                              Board/CMakeFiles/BoardObjects.dir/F401RE/Main.cpp.obj (symbol from plugin) (adc_set_sample_time_on_all_channels)
/home/anton/geoscan_ws/gromadcbridge/build/DroneDevicePlatform/libopencm3/lib/libopencm3_stm32f4.a(dma_common_f24.o)
                              Board/CMakeFiles/BoardObjects.dir/F401RE/Main.cpp.obj (symbol from plugin) (dma_stream_reset)
/home/anton/geoscan_ws/gromadcbridge/build/DroneDevicePlatform/libopencm3/lib/libopencm3_stm32f4.a(gpio_common_all.o)
                              Board/CMakeFiles/BoardObjects.dir/F401RE/Main.cpp.obj (symbol from plugin) (gpio_set)
/home/anton/geoscan_ws/gromadcbridge/build/DroneDevicePlatform/libopencm3/lib/libopencm3_stm32f4.a(gpio_common_f0234.o)
                              Board/CMakeFiles/BoardObjects.dir/F401RE/Main.cpp.obj (symbol from plugin) (gpio_mode_setup)
/home/anton/geoscan_ws/gromadcbridge/build/DroneDevicePlatform/libopencm3/lib/libopencm3_stm32f4.a(iwdg_common_all.o)
                              Board/CMakeFiles/BoardObjects.dir/F401RE/Main.cpp.obj (symbol from plugin) (iwdg_start)
/home/anton/geoscan_ws/gromadcbridge/build/DroneDevicePlatform/libopencm3/lib/libopencm3_stm32f4.a(rcc_common_all.o)
                              Board/CMakeFiles/BoardObjects.dir/F401RE/Main.cpp.obj (symbol from plugin) (rcc_is_periph_clock_enabled)
/home/anton/geoscan_ws/gromadcbridge/build/DroneDevicePlatform/libopencm3/lib/libopencm3_stm32f4.a(rcc.o)
                              Board/CMakeFiles/BoardObjects.dir/F401RE/Main.cpp.obj (symbol from plugin) (rcc_wait_for_osc_ready)
/home/anton/geoscan_ws/gromadcbridge/build/DroneDevicePlatform/libopencm3/lib/libopencm3_stm32f4.a(timer_common_all.o)
                              Board/CMakeFiles/BoardObjects.dir/F401RE/Main.cpp.obj (symbol from plugin) (timer_enable_irq)
/home/anton/geoscan_ws/gromadcbridge/build/DroneDevicePlatform/libopencm3/lib/libopencm3_stm32f4.a(usart_common_all.o)
                              Board/CMakeFiles/BoardObjects.dir/F401RE/Main.cpp.obj (symbol from plugin) (usart_set_baudrate)
/home/anton/geoscan_ws/gromadcbridge/build/DroneDevicePlatform/libopencm3/lib/libopencm3_stm32f4.a(usart_common_f124.o)
                              usart_common_all.o (symbol from plugin) (usart_send)
/home/anton/geoscan_ws/gromadcbridge/build/DroneDevicePlatform/libopencm3/lib/libopencm3_stm32f4.a(vector.o)
                              (reset_handler)
/home/anton/geoscan_ws/gromadcbridge/build/DroneDevicePlatform/libopencm3/lib/libopencm3_stm32f4.a(systick.o)
                              LocalTime.cpp.obj (symbol from plugin) (systick_set_reload)
/home/anton/geoscan_ws/gromadcbridge/build/DroneDevicePlatform/libopencm3/lib/libopencm3_stm32f4.a(nvic.o)
                              Board/CMakeFiles/BoardObjects.dir/F401RE/Main.cpp.obj (symbol from plugin) (nvic_enable_irq)
/home/anton/geoscan_ws/gromadcbridge/build/DroneDevicePlatform/libopencm3/lib/libopencm3_stm32f4.a(flash_common_all.o)
                              rcc.o (symbol from plugin) (flash_set_ws)
/home/anton/geoscan_ws/gromadcbridge/build/DroneDevicePlatform/libopencm3/lib/libopencm3_stm32f4.a(flash_common_idcache.o)
                              rcc.o (symbol from plugin) (flash_dcache_enable)
/home/anton/geoscan_ws/gromadcbridge/build/DroneDevicePlatform/libopencm3/lib/libopencm3_stm32f4.a(pwr.o)
                              rcc.o (symbol from plugin) (pwr_set_vos_scale)
[...]
Memory Configuration

Name             Origin             Length             Attributes
rom              0x0000000008000000 0x000000000001f800 xr
spec             0x000000000801f800 0x0000000000000000 rw
eeprom           0x000000000801f800 0x0000000000000800 rw
ram              0x0000000020000000 0x0000000000018000 xrw
*default*        0x0000000000000000 0xffffffffffffffff

Linker script and memory map

LOAD /tmp/cczWlEH6.ltrans0.ltrans.o
LOAD DroneDevicePlatform/libDroneDevicePlatform.a
LOAD /home/anton/geoscan_ws/gromadcbridge/build/DroneDevicePlatform/libopencm3/lib/libopencm3_stm32f4.a
LOAD DroneDevice/libDroneDevice.a
LOAD /home/anton/bin/gcc-arm-none-eabi-9-2019-q4-major/bin/../lib/gcc/arm-none-eabi/7.2.1/../../../../arm-none-eabi/lib/thumb/v7e-m/fpv4-sp/hard/libstdc++_nano.a
LOAD /home/anton/bin/gcc-arm-none-eabi-9-2019-q4-major/bin/../lib/gcc/arm-none-eabi/7.2.1/../../../../arm-none-eabi/lib/thumb/v7e-m/fpv4-sp/hard/libm.a
START GROUP
LOAD /home/anton/bin/gcc-arm-none-eabi-9-2019-q4-major/bin/../lib/gcc/arm-none-eabi/7.2.1/thumb/v7e-m/fpv4-sp/hard/libgcc.a
LOAD /home/anton/bin/gcc-arm-none-eabi-9-2019-q4-major/bin/../lib/gcc/arm-none-eabi/7.2.1/../../../../arm-none-eabi/lib/thumb/v7e-m/fpv4-sp/hard/libg_nano.a
LOAD /home/anton/bin/gcc-arm-none-eabi-9-2019-q4-major/bin/../lib/gcc/arm-none-eabi/7.2.1/../../../../arm-none-eabi/lib/thumb/v7e-m/fpv4-sp/hard/libc_nano.a
END GROUP
START GROUP
LOAD /home/anton/bin/gcc-arm-none-eabi-9-2019-q4-major/bin/../lib/gcc/arm-none-eabi/7.2.1/thumb/v7e-m/fpv4-sp/hard/libgcc.a
LOAD /home/anton/bin/gcc-arm-none-eabi-9-2019-q4-major/bin/../lib/gcc/arm-none-eabi/7.2.1/../../../../arm-none-eabi/lib/thumb/v7e-m/fpv4-sp/hard/libc_nano.a
LOAD /home/anton/bin/gcc-arm-none-eabi-9-2019-q4-major/bin/../lib/gcc/arm-none-eabi/7.2.1/../../../../arm-none-eabi/lib/thumb/v7e-m/fpv4-sp/hard/libnosys.a
END GROUP
START GROUP
LOAD /home/anton/bin/gcc-arm-none-eabi-9-2019-q4-major/bin/../lib/gcc/arm-none-eabi/7.2.1/thumb/v7e-m/fpv4-sp/hard/libgcc.a
LOAD /home/anton/bin/gcc-arm-none-eabi-9-2019-q4-major/bin/../lib/gcc/arm-none-eabi/7.2.1/../../../../arm-none-eabi/lib/thumb/v7e-m/fpv4-sp/hard/libc_nano.a
LOAD /home/anton/bin/gcc-arm-none-eabi-9-2019-q4-major/bin/../lib/gcc/arm-none-eabi/7.2.1/../../../../arm-none-eabi/lib/thumb/v7e-m/fpv4-sp/hard/libnosys.a
END GROUP

.text           0x0000000008000000     0x8d24
 *(.vectors)
 .vectors       0x0000000008000000      0x1ac /tmp/cczWlEH6.ltrans0.ltrans.o
                0x0000000008000000                vector_table
 *(.text*)
 .text.nvic_clear_pending_irq
                0x00000000080001ac       0x1c /tmp/cczWlEH6.ltrans0.ltrans.o
 .text.nvic_disable_irq
                0x00000000080001c8       0x1c /tmp/cczWlEH6.ltrans0.ltrans.o
 .text.nvic_enable_irq
                0x00000000080001e4       0x1c /tmp/cczWlEH6.ltrans0.ltrans.o
 .text.systick_counter_disable
                0x0000000008000200       0x10 /tmp/cczWlEH6.ltrans0.ltrans.o
 .text.systick_counter_enable
                0x0000000008000210       0x10 /tmp/cczWlEH6.ltrans0.ltrans.o
 .text.systick_interrupt_disable
                0x0000000008000220       0x10 /tmp/cczWlEH6.ltrans0.ltrans.o
 .text.systick_interrupt_enable
                0x0000000008000230       0x10 /tmp/cczWlEH6.ltrans0.ltrans.o
 .text.systick_set_clocksource
                0x0000000008000240       0x18 /tmp/cczWlEH6.ltrans0.ltrans.o
 .text.systick_get_value
                0x0000000008000258       0x10 /tmp/cczWlEH6.ltrans0.ltrans.o
 .text.systick_set_reload
                0x0000000008000268       0x10 /tmp/cczWlEH6.ltrans0.ltrans.o
 .text.null_handler
                0x0000000008000278        0x2 /tmp/cczWlEH6.ltrans0.ltrans.o
 .text.blocking_handler
                0x000000000800027a        0x2 /tmp/cczWlEH6.ltrans0.ltrans.o
 .text.usart_enable_tx_dma
                0x000000000800027c        0xa /tmp/cczWlEH6.ltrans0.ltrans.o
 .text.usart_disable
                0x0000000008000286        0xa /tmp/cczWlEH6.ltrans0.ltrans.o
 .text.usart_enable
                0x0000000008000290        0xa /tmp/cczWlEH6.ltrans0.ltrans.o
 .text.usart_set_flow_control
                0x000000000800029a        0xc /tmp/cczWlEH6.ltrans0.ltrans.o
 .text.usart_set_mode
                0x00000000080002a6        0xc /tmp/cczWlEH6.ltrans0.ltrans.o
 .text.usart_set_parity
                0x00000000080002b2        0xc /tmp/cczWlEH6.ltrans0.ltrans.o
 .text.usart_set_stopbits
                0x00000000080002be        0xc /tmp/cczWlEH6.ltrans0.ltrans.o
 .text.usart_set_databits
                0x00000000080002ca       0x12 /tmp/cczWlEH6.ltrans0.ltrans.o
 .text.usart_set_baudrate
                0x00000000080002dc       0x2c /tmp/cczWlEH6.ltrans0.ltrans.o
 .text.timer_set_counter
                0x0000000008000308        0x4 /tmp/cczWlEH6.ltrans0.ltrans.o
 .text.timer_set_period
                0x000000000800030c        0x4 /tmp/cczWlEH6.ltrans0.ltrans.o
 .text.timer_set_prescaler
                0x0000000008000310        0x4 /tmp/cczWlEH6.ltrans0.ltrans.o
 .text.timer_set_master_mode
                0x0000000008000314       0x10 /tmp/cczWlEH6.ltrans0.ltrans.o
 .text.timer_disable_counter
                0x0000000008000324        0xa /tmp/cczWlEH6.ltrans0.ltrans.o
 .text.timer_enable_counter
                0x000000000800032e        0xa /tmp/cczWlEH6.ltrans0.ltrans.o
 .text.timer_continuous_mode
                0x0000000008000338        0xa /tmp/cczWlEH6.ltrans0.ltrans.o
 .text.timer_one_shot_mode
                0x0000000008000342        0xa /tmp/cczWlEH6.ltrans0.ltrans.o
 .text.timer_disable_preload
                0x000000000800034c        0xa /tmp/cczWlEH6.ltrans0.ltrans.o
 .text.timer_set_mode
                0x0000000008000356       0x12 /tmp/cczWlEH6.ltrans0.ltrans.o
 .text.timer_clear_flag
                0x0000000008000368        0x6 /tmp/cczWlEH6.ltrans0.ltrans.o
 .text.timer_disable_irq
                0x000000000800036e        0xa /tmp/cczWlEH6.ltrans0.ltrans.o
 .text.timer_enable_irq
                0x0000000008000378        0x8 /tmp/cczWlEH6.ltrans0.ltrans.o
 .text.rcc_get_ppre1
                0x0000000008000380       0x10 /tmp/cczWlEH6.ltrans0.ltrans.o
 .text.rcc_set_sysclk_source
                0x0000000008000390       0x14 /tmp/cczWlEH6.ltrans0.ltrans.o
 .text.rcc_osc_off
                0x00000000080003a4       0x58 /tmp/cczWlEH6.ltrans0.ltrans.o
 .text.rcc_osc_on
                0x00000000080003fc       0x58 /tmp/cczWlEH6.ltrans0.ltrans.o
 .text.rcc_wait_for_osc_ready
                0x0000000008000454       0x58 /tmp/cczWlEH6.ltrans0.ltrans.o
 .text.rcc_periph_reset_pulse
                0x00000000080004ac       0x22 /tmp/cczWlEH6.ltrans0.ltrans.o
 .text.rcc_periph_clock_disable
                0x00000000080004ce       0x1e /tmp/cczWlEH6.ltrans0.ltrans.o
 .text.rcc_periph_clock_enable
                0x00000000080004ec       0x1a /tmp/cczWlEH6.ltrans0.ltrans.o
 *fill*         0x0000000008000506        0x2 
 .text.rcc_clock_setup_pll
                0x0000000008000508      0x198 /tmp/cczWlEH6.ltrans0.ltrans.o
 .text.rcc_is_periph_clock_enabled
                0x00000000080006a0       0x20 /tmp/cczWlEH6.ltrans0.ltrans.o
 .text.iwdg_reset
                0x00000000080006c0       0x10 /tmp/cczWlEH6.ltrans0.ltrans.o
 .text.iwdg_prescaler_busy
                0x00000000080006d0       0x10 /tmp/cczWlEH6.ltrans0.ltrans.o
 .text.iwdg_reload_busy
                0x00000000080006e0       0x10 /tmp/cczWlEH6.ltrans0.ltrans.o
 .text.iwdg_set_period_ms
                0x00000000080006f0       0x64 /tmp/cczWlEH6.ltrans0.ltrans.o
 .text.iwdg_start
                0x0000000008000754       0x10 /tmp/cczWlEH6.ltrans0.ltrans.o
 .text.gpio_set_af
                0x0000000008000764       0x58 /tmp/cczWlEH6.ltrans0.ltrans.o
 .text.gpio_set_output_options
                0x00000000080007bc       0x36 /tmp/cczWlEH6.ltrans0.ltrans.o
 .text.gpio_mode_setup
                0x00000000080007f2       0x44 /tmp/cczWlEH6.ltrans0.ltrans.o
 .text.gpio_toggle
                0x0000000008000836       0x12 /tmp/cczWlEH6.ltrans0.ltrans.o
 .text.gpio_set
                0x0000000008000848        0x4 /tmp/cczWlEH6.ltrans0.ltrans.o
 .text.dma_set_number_of_data
                0x000000000800084c        0xc /tmp/cczWlEH6.ltrans0.ltrans.o
 .text.dma_set_memory_address
                0x0000000008000858       0x1a /tmp/cczWlEH6.ltrans0.ltrans.o
 .text.dma_set_peripheral_address
                0x0000000008000872       0x10 /tmp/cczWlEH6.ltrans0.ltrans.o
 .text.dma_enable_transfer_complete_interrupt
                0x0000000008000882       0x30 /tmp/cczWlEH6.ltrans0.ltrans.o
 .text.dma_channel_select
                0x00000000080008b2       0x10 /tmp/cczWlEH6.ltrans0.ltrans.o
 .text.dma_enable_circular_mode
                0x00000000080008c2       0x12 /tmp/cczWlEH6.ltrans0.ltrans.o
 .text.dma_enable_peripheral_increment_mode
                0x00000000080008d4       0x16 /tmp/cczWlEH6.ltrans0.ltrans.o
 .text.dma_enable_memory_increment_mode
                0x00000000080008ea       0x12 /tmp/cczWlEH6.ltrans0.ltrans.o
 .text.dma_set_peripheral_size
                0x00000000080008fc       0x18 /tmp/cczWlEH6.ltrans0.ltrans.o
 .text.dma_set_memory_size
                0x0000000008000914       0x18 /tmp/cczWlEH6.ltrans0.ltrans.o
 .text.dma_set_priority
                0x000000000800092c       0x18 /tmp/cczWlEH6.ltrans0.ltrans.o
 .text.dma_set_transfer_mode
                0x0000000008000944       0x22 /tmp/cczWlEH6.ltrans0.ltrans.o
 .text.dma_stream_reset
                0x0000000008000966       0x4c /tmp/cczWlEH6.ltrans0.ltrans.o
 .text.adc_set_sample_time_on_all_channels
                0x00000000080009b2       0x2a /tmp/cczWlEH6.ltrans0.ltrans.o
 .text.adc_set_dma_continue
                0x00000000080009dc        0xa /tmp/cczWlEH6.ltrans0.ltrans.o
 .text.adc_eoc_after_group
                0x00000000080009e6        0xa /tmp/cczWlEH6.ltrans0.ltrans.o
 .text.adc_set_resolution
                0x00000000080009f0        0xc /tmp/cczWlEH6.ltrans0.ltrans.o
 .text.adc_disable_external_trigger_regular
                0x00000000080009fc        0xa /tmp/cczWlEH6.ltrans0.ltrans.o
 .text.adc_enable_external_trigger_regular
                0x0000000008000a06        0xe /tmp/cczWlEH6.ltrans0.ltrans.o
 .text.adc_set_clk_prescale
                0x0000000008000a14       0x14 /tmp/cczWlEH6.ltrans0.ltrans.o
 .text.adc_power_on
                0x0000000008000a28        0xa /tmp/cczWlEH6.ltrans0.ltrans.o
 .text.adc_enable_dma
                0x0000000008000a32        0xa /tmp/cczWlEH6.ltrans0.ltrans.o
 .text.adc_start_conversion_regular
                0x0000000008000a3c       0x14 /tmp/cczWlEH6.ltrans0.ltrans.o
 .text.adc_set_regular_sequence
                0x0000000008000a50       0x7e /tmp/cczWlEH6.ltrans0.ltrans.o
 .text.adc_enable_scan_mode
                0x0000000008000ace        0xa /tmp/cczWlEH6.ltrans0.ltrans.o
 .text.adc_power_off
                0x0000000008000ad8        0xa /tmp/cczWlEH6.ltrans0.ltrans.o
 *fill*         0x0000000008000ae2        0x2 
 .text.sys_tick_handler
                0x0000000008000ae4       0x60 /tmp/cczWlEH6.ltrans0.ltrans.o
 .text._ZN9UsartBaseILj6EE9handleIrqEv
                0x0000000008000b44       0x1c /tmp/cczWlEH6.ltrans0.ltrans.o
 .text._ZN9UsartBaseILj5EE9handleIrqEv
                0x0000000008000b60       0x1c /tmp/cczWlEH6.ltrans0.ltrans.o
 .text._ZN9UsartBaseILj4EE9handleIrqEv
                0x0000000008000b7c       0x1c /tmp/cczWlEH6.ltrans0.ltrans.o
 .text._ZN9UsartBaseILj3EE9handleIrqEv
                0x0000000008000b98       0x1c /tmp/cczWlEH6.ltrans0.ltrans.o
 .text._ZN9UsartBaseILj2EE9handleIrqEv
                0x0000000008000bb4       0x1c /tmp/cczWlEH6.ltrans0.ltrans.o
 .text._ZN9UsartBaseILj1EE9handleIrqEv
                0x0000000008000bd0       0x1c /tmp/cczWlEH6.ltrans0.ltrans.o
 .text.usart6_isr
                0x0000000008000bec        0xa /tmp/cczWlEH6.ltrans0.ltrans.o
 .text.uart5_isr
                0x0000000008000bf6        0xa /tmp/cczWlEH6.ltrans0.ltrans.o
 .text.uart4_isr
                0x0000000008000c00        0xa /tmp/cczWlEH6.ltrans0.ltrans.o
 .text.usart3_isr
                0x0000000008000c0a        0xa /tmp/cczWlEH6.ltrans0.ltrans.o
 .text.usart2_isr
                0x0000000008000c14        0xa /tmp/cczWlEH6.ltrans0.ltrans.o
 .text.usart1_isr
                0x0000000008000c1e        0xa /tmp/cczWlEH6.ltrans0.ltrans.o
 .text._ZN9TimerBaseILj14EE9handleIrqEv
                0x0000000008000c28       0x24 /tmp/cczWlEH6.ltrans0.ltrans.o
 .text._ZN9TimerBaseILj12EE9handleIrqEv
                0x0000000008000c4c       0x24 /tmp/cczWlEH6.ltrans0.ltrans.o
 .text._ZN9TimerBaseILj9EE9handleIrqEv
                0x0000000008000c70       0x24 /tmp/cczWlEH6.ltrans0.ltrans.o
 .text._ZN9TimerBaseILj13EE9handleIrqEv
                0x0000000008000c94       0x24 /tmp/cczWlEH6.ltrans0.ltrans.o
 .text._ZN9TimerBaseILj8EE9handleIrqEv
                0x0000000008000cb8       0x24 /tmp/cczWlEH6.ltrans0.ltrans.o
 .text._ZN9TimerBaseILj7EE9handleIrqEv
                0x0000000008000cdc       0x24 /tmp/cczWlEH6.ltrans0.ltrans.o
 .text._ZN9TimerBaseILj6EE9handleIrqEv
                0x0000000008000d00       0x24 /tmp/cczWlEH6.ltrans0.ltrans.o
 .text._ZN9TimerBaseILj5EE9handleIrqEv
                0x0000000008000d24       0x24 /tmp/cczWlEH6.ltrans0.ltrans.o
 .text._ZN9TimerBaseILj4EE9handleIrqEv
                0x0000000008000d48       0x24 /tmp/cczWlEH6.ltrans0.ltrans.o
 .text._ZN9TimerBaseILj3EE9handleIrqEv
                0x0000000008000d6c       0x24 /tmp/cczWlEH6.ltrans0.ltrans.o
 .text._ZN9TimerBaseILj2EE9handleIrqEv
                0x0000000008000d90       0x24 /tmp/cczWlEH6.ltrans0.ltrans.o
 .text._ZN9TimerBaseILj10EE9handleIrqEv
                0x0000000008000db4       0x24 /tmp/cczWlEH6.ltrans0.ltrans.o
 .text._ZN9TimerBaseILj1EE9handleIrqEv
                0x0000000008000dd8       0x24 /tmp/cczWlEH6.ltrans0.ltrans.o
 .text.tim8_trg_com_tim14_isr
                0x0000000008000dfc        0xe /tmp/cczWlEH6.ltrans0.ltrans.o
 .text.tim8_brk_tim12_isr
                0x0000000008000e0a        0xe /tmp/cczWlEH6.ltrans0.ltrans.o
 .text.tim1_brk_tim9_isr
                0x0000000008000e18        0xe /tmp/cczWlEH6.ltrans0.ltrans.o
 .text.tim8_up_tim13_isr
                0x0000000008000e26        0xe /tmp/cczWlEH6.ltrans0.ltrans.o
 .text.tim7_isr
                0x0000000008000e34        0xa /tmp/cczWlEH6.ltrans0.ltrans.o
 .text.tim6_dac_isr
                0x0000000008000e3e        0xa /tmp/cczWlEH6.ltrans0.ltrans.o
 .text.tim5_isr
                0x0000000008000e48        0xa /tmp/cczWlEH6.ltrans0.ltrans.o
 .text.tim4_isr
                0x0000000008000e52        0xa /tmp/cczWlEH6.ltrans0.ltrans.o
 .text.tim3_isr
                0x0000000008000e5c        0xa /tmp/cczWlEH6.ltrans0.ltrans.o
 .text.tim2_isr
                0x0000000008000e66        0xa /tmp/cczWlEH6.ltrans0.ltrans.o
 .text.tim1_up_tim10_isr
                0x0000000008000e70        0xe /tmp/cczWlEH6.ltrans0.ltrans.o
 .text._ZN7DmaBaseILj2ELj7EE13statusToFlagsEm
                0x0000000008000e7e       0x50 /tmp/cczWlEH6.ltrans0.ltrans.o
 .text._ZN7DmaBaseILj2ELj6EE13statusToFlagsEm
                0x0000000008000ece       0x50 /tmp/cczWlEH6.ltrans0.ltrans.o
 .text._ZN7DmaBaseILj2ELj5EE13statusToFlagsEm
                0x0000000008000f1e       0x50 /tmp/cczWlEH6.ltrans0.ltrans.o
 .text._ZN7DmaBaseILj2ELj4EE13statusToFlagsEm
                0x0000000008000f6e       0x50 /tmp/cczWlEH6.ltrans0.ltrans.o
 .text._ZN7DmaBaseILj2ELj3EE13statusToFlagsEm
                0x0000000008000fbe       0x50 /tmp/cczWlEH6.ltrans0.ltrans.o
 .text._ZN7DmaBaseILj2ELj2EE13statusToFlagsEm
                0x000000000800100e       0x50 /tmp/cczWlEH6.ltrans0.ltrans.o
 .text._ZN7DmaBaseILj2ELj1EE13statusToFlagsEm
                0x000000000800105e       0x50 /tmp/cczWlEH6.ltrans0.ltrans.o
 .text._ZN7DmaBaseILj2ELj0EE13statusToFlagsEm
                0x00000000080010ae       0x50 /tmp/cczWlEH6.ltrans0.ltrans.o
 .text._ZN7DmaBaseILj1ELj7EE13statusToFlagsEm
                0x00000000080010fe       0x50 /tmp/cczWlEH6.ltrans0.ltrans.o
 .text._ZN7DmaBaseILj1ELj6EE13statusToFlagsEm
                0x000000000800114e       0x50 /tmp/cczWlEH6.ltrans0.ltrans.o
 .text._ZN7DmaBaseILj1ELj5EE13statusToFlagsEm
                0x000000000800119e       0x50 /tmp/cczWlEH6.ltrans0.ltrans.o
 .text._ZN7DmaBaseILj1ELj4EE13statusToFlagsEm
                0x00000000080011ee       0x50 /tmp/cczWlEH6.ltrans0.ltrans.o
 .text._ZN7DmaBaseILj1ELj3EE13statusToFlagsEm
                0x000000000800123e       0x50 /tmp/cczWlEH6.ltrans0.ltrans.o
 .text._ZN7DmaBaseILj1ELj2EE13statusToFlagsEm
                0x000000000800128e       0x50 /tmp/cczWlEH6.ltrans0.ltrans.o
 .text._ZN7DmaBaseILj1ELj1EE13statusToFlagsEm
                0x00000000080012de       0x50 /tmp/cczWlEH6.ltrans0.ltrans.o
 .text._ZN7DmaBaseILj1ELj0EE13statusToFlagsEm
                0x000000000800132e       0x50 /tmp/cczWlEH6.ltrans0.ltrans.o
 .text._ZN5QueueIhLj272EE7popImplILj272EEENSt9enable_ifIXaant13isTypeAlignedIXT_EEnt12isPowerOfTwoIXT_EEEhE4typeEv
                0x000000000800137e       0x4c /tmp/cczWlEH6.ltrans0.ltrans.o
 .text._ZN5QueueIhLj64EE8pushImplILj64EEENSt9enable_ifIXaant13isTypeAlignedIXT_EE12isPowerOfTwoIXT_EEEvE4typeERKh
                0x00000000080013ca       0x3c /tmp/cczWlEH6.ltrans0.ltrans.o
 .text._ZNK5QueueIhLj272EE5emptyEv
                0x0000000008001406       0x24 /tmp/cczWlEH6.ltrans0.ltrans.o
 .text._ZNK5QueueIhLj64EE4sizeEv
                0x000000000800142a       0x18 /tmp/cczWlEH6.ltrans0.ltrans.o
 .text._ZNK5QueueIhLj64EE4fullEv
                0x0000000008001442       0x22 /tmp/cczWlEH6.ltrans0.ltrans.o
 .text._ZSt12__miter_baseIPhET_S1_
                0x0000000008001464       0x16 /tmp/cczWlEH6.ltrans0.ltrans.o
 .text._ZNKSt13move_iteratorIPhE4baseEv
                0x000000000800147a       0x18 /tmp/cczWlEH6.ltrans0.ltrans.o
 .text._ZSt12__miter_baseIPhEDTcl12__miter_basecldtfp_4baseEEESt13move_iteratorIT_E
                0x0000000008001492       0x22 /tmp/cczWlEH6.ltrans0.ltrans.o
 .text._ZSt12__niter_baseIPhET_S1_
                0x00000000080014b4       0x16 /tmp/cczWlEH6.ltrans0.ltrans.o
 .text._ZNK9__gnu_cxx13new_allocatorIhE8max_sizeEv
                0x00000000080014ca       0x18 /tmp/cczWlEH6.ltrans0.ltrans.o
 .text._ZNSt13move_iteratorIPhEC2ES0_
                0x00000000080014e2       0x1e /tmp/cczWlEH6.ltrans0.ltrans.o
 .text._ZNKSt12_Vector_baseIhSaIhEE19_M_get_Tp_allocatorEv
                0x0000000008001500       0x16 /tmp/cczWlEH6.ltrans0.ltrans.o
 .text._ZNSt16allocator_traitsISaIhEE8max_sizeERKS0_
                0x0000000008001516       0x18 /tmp/cczWlEH6.ltrans0.ltrans.o
 .text._ZNK9__gnu_cxx17__normal_iteratorIPhSt6vectorIhSaIhEEE4baseEv
                0x000000000800152e       0x16 /tmp/cczWlEH6.ltrans0.ltrans.o
 .text._ZN9__gnu_cxxmiIPhSt6vectorIhSaIhEEEENS_17__normal_iteratorIT_T0_E15difference_typeERKS8_SB_
                0x0000000008001544       0x2a /tmp/cczWlEH6.ltrans0.ltrans.o
 .text._ZN9__gnu_cxx17__normal_iteratorIPhSt6vectorIhSaIhEEEC2ERKS1_
                0x000000000800156e       0x20 /tmp/cczWlEH6.ltrans0.ltrans.o
 .text._ZNSt6vectorIhSaIhEE5beginEv
                0x000000000800158e       0x20 /tmp/cczWlEH6.ltrans0.ltrans.o
 .text._ZSt32__make_move_if_noexcept_iteratorIhSt13move_iteratorIPhEET0_PT_
                0x00000000080015ae       0x1e /tmp/cczWlEH6.ltrans0.ltrans.o
 .text._ZSt3maxIjERKT_S2_S2_
                0x00000000080015cc       0x28 /tmp/cczWlEH6.ltrans0.ltrans.o
 .text._ZNKSt6vectorIhSaIhEE8max_sizeEv
                0x00000000080015f4       0x22 /tmp/cczWlEH6.ltrans0.ltrans.o
 .text._ZNSt6vectorIhSaIhEE3endEv
                0x0000000008001616       0x22 /tmp/cczWlEH6.ltrans0.ltrans.o
 .text._ZSt7forwardIRKhEOT_RNSt16remove_referenceIS2_E4typeE
                0x0000000008001638       0x16 /tmp/cczWlEH6.ltrans0.ltrans.o
 .text._ZSt7forwardIhEOT_RNSt16remove_referenceIS0_E4typeE
                0x000000000800164e       0x16 /tmp/cczWlEH6.ltrans0.ltrans.o
 .text._ZSt11__addressofIKZN20AdcBridgeApplicationI9BoardImpl9WorkQueueILj8EEE12onTimerEventEvEUlvE_EPT_RS7_
                0x0000000008001664       0x16 /tmp/cczWlEH6.ltrans0.ltrans.o
 .text._ZN9__gnu_cxx13new_allocatorIhEC2Ev
                0x000000000800167a       0x16 /tmp/cczWlEH6.ltrans0.ltrans.o
 .text._ZSt11__addressofIKZN20AdcBridgeApplicationI9BoardImpl9WorkQueueILj8EEE14runApplicationEvEUlvE1_EPT_RS7_
                0x0000000008001690       0x16 /tmp/cczWlEH6.ltrans0.ltrans.o
 .text._ZN20MotherBoardInterfaceI5UsartILj1ELj64ELj272EE10DmaChannelILj2ELj7EE19GromAdcBridgeDeviceI9LocalTimeE8FastCrc8E13MessageHeader5resetEv
                0x00000000080016a6       0x2a /tmp/cczWlEH6.ltrans0.ltrans.o
 .text._ZN5QueueIhLj64EE7popImplILj64EEENSt9enable_ifIXaant13isTypeAlignedIXT_EE12isPowerOfTwoIXT_EEEhE4typeEv
                0x00000000080016d0       0x3c /tmp/cczWlEH6.ltrans0.ltrans.o
 .text._ZSt11__addressofIKZN20AdcBridgeApplicationI9BoardImpl9WorkQueueILj8EEE14runApplicationEvEUlvE0_EPT_RS7_
                0x000000000800170c       0x16 /tmp/cczWlEH6.ltrans0.ltrans.o
 *fill*         0x0000000008001722        0x2 
 .text._ZN7DmaBaseILj2ELj7EE10setHandlerEPS0_
                0x0000000008001724       0x1c /tmp/cczWlEH6.ltrans0.ltrans.o
 .text._ZSt4moveIRhEONSt16remove_referenceIT_E4typeEOS2_
                0x0000000008001740       0x16 /tmp/cczWlEH6.ltrans0.ltrans.o
 .text._ZNKSt6vectorIhSaIhEE11_M_data_ptrIhEEPT_S4_
                0x0000000008001756       0x18 /tmp/cczWlEH6.ltrans0.ltrans.o
 .text._ZNSt14__array_traitsIhLj2EE6_S_refERA2_Khj
                0x000000000800176e       0x1c /tmp/cczWlEH6.ltrans0.ltrans.o
 .text._ZNSt14__array_traitsIhLj4EE6_S_refERA4_Khj
                0x000000000800178a       0x1c /tmp/cczWlEH6.ltrans0.ltrans.o
 .text._ZSt11__addressofIKZN20AdcBridgeApplicationI9BoardImpl9WorkQueueILj8EEE14runApplicationEvEUlvE_EPT_RS7_
                0x00000000080017a6       0x16 /tmp/cczWlEH6.ltrans0.ltrans.o
 .text._ZNSaIhEC2Ev
                0x00000000080017bc       0x18 /tmp/cczWlEH6.ltrans0.ltrans.o
 .text._ZSt11__addressofIKZN6AdcBusILj1ELj9E9LocalTimeL12AdcPrescaler0EL17AdcDmaStreamRemap0EEC4ESt5arrayIN7AdcBaseILj1ELS3_0EE7ChannelELj9EENS7_7TriggerESt8functionIFvvEEEUlmE_EPT_RSG_
                0x00000000080017d4       0x16 /tmp/cczWlEH6.ltrans0.ltrans.o
 *fill*         0x00000000080017ea        0x2 
 .text._ZN7DmaBaseILj2ELj0EE10setHandlerEPS0_
                0x00000000080017ec       0x1c /tmp/cczWlEH6.ltrans0.ltrans.o
 .text._ZNK5QueueIhLj64EE5emptyEv
                0x0000000008001808       0x22 /tmp/cczWlEH6.ltrans0.ltrans.o
 .text._ZNSt6vectorIhSaIhEEixEj
                0x000000000800182a       0x1e /tmp/cczWlEH6.ltrans0.ltrans.o
 .text._ZNKSt6vectorIhSaIhEE4sizeEv
                0x0000000008001848       0x20 /tmp/cczWlEH6.ltrans0.ltrans.o
 .text._ZNSt6vectorIhSaIhEE4dataEv
                0x0000000008001868       0x1e /tmp/cczWlEH6.ltrans0.ltrans.o
 .text._ZNSt5arrayIhLj2EEixEj
                0x0000000008001886       0x1e /tmp/cczWlEH6.ltrans0.ltrans.o
 .text._ZSt5roundIiEN9__gnu_cxx11__enable_ifIXsrSt12__is_integerIT_E7__valueEdE6__typeES3_
                0x00000000080018a4       0x1c /tmp/cczWlEH6.ltrans0.ltrans.o
 .text._ZNSt5arrayIhLj4EEixEj
                0x00000000080018c0       0x1e /tmp/cczWlEH6.ltrans0.ltrans.o
 *fill*         0x00000000080018de        0x2 
 .text._ZN10AdcHandlerILt9EE15convertAdcToBinEt
                0x00000000080018e0       0x4c /tmp/cczWlEH6.ltrans0.ltrans.o
 .text._ZN10AdcHandlerILt9EE7AdcData5resetEv
                0x000000000800192c       0x50 /tmp/cczWlEH6.ltrans0.ltrans.o
 .text._ZNSt14__array_traitsItLj9EE6_S_ptrERA9_Kt
                0x000000000800197c       0x16 /tmp/cczWlEH6.ltrans0.ltrans.o
 .text._ZNK5QueueISt8functionIFvvEELj8EE4fullEv
                0x0000000008001992       0x24 /tmp/cczWlEH6.ltrans0.ltrans.o
 .text._ZNSt14_Function_base13_Base_managerIZN20AdcBridgeApplicationI9BoardImpl9WorkQueueILj8EEE12onTimerEventEvEUlvE_E21_M_not_empty_functionIS6_EEbRKT_
                0x00000000080019b6       0x16 /tmp/cczWlEH6.ltrans0.ltrans.o
 .text._ZNSt12_Destroy_auxILb1EE9__destroyIPhEEvT_S3_
                0x00000000080019cc       0x14 /tmp/cczWlEH6.ltrans0.ltrans.o
 .text._ZN9__gnu_cxx13new_allocatorIhED2Ev
                0x00000000080019e0       0x16 /tmp/cczWlEH6.ltrans0.ltrans.o
 .text._ZNSt12_Vector_baseIhSaIhEE12_Vector_implC2Ev
                0x00000000080019f6       0x2a /tmp/cczWlEH6.ltrans0.ltrans.o
 .text._ZSt11__addressofIKPFvmEEPT_RS3_
                0x0000000008001a20       0x16 /tmp/cczWlEH6.ltrans0.ltrans.o
 .text._ZNK5QueueISt8functionIFvvEELj8EE5emptyEv
                0x0000000008001a36       0x24 /tmp/cczWlEH6.ltrans0.ltrans.o
 .text._ZNSt5arrayItLj9EE4dataEv
                0x0000000008001a5a       0x1a /tmp/cczWlEH6.ltrans0.ltrans.o
 .text._ZNSt14_Function_base13_Base_managerIZN20AdcBridgeApplicationI9BoardImpl9WorkQueueILj8EEE14runApplicationEvEUlvE1_E21_M_not_empty_functionIS6_EEbRKT_
                0x0000000008001a74       0x16 /tmp/cczWlEH6.ltrans0.ltrans.o
 .text._ZSt3maxImERKT_S2_S2_
                0x0000000008001a8a       0x28 /tmp/cczWlEH6.ltrans0.ltrans.o
 .text._ZN5TimerILj2ELb0EE5startEm
                0x0000000008001ab2       0x4a /tmp/cczWlEH6.ltrans0.ltrans.o
 .text._ZN4GpioIL8GpioPort0ELj5EE6toggleEv
                0x0000000008001afc       0x14 /tmp/cczWlEH6.ltrans0.ltrans.o
 .text._ZNSt14_Function_base13_Base_managerIZN20AdcBridgeApplicationI9BoardImpl9WorkQueueILj8EEE14runApplicationEvEUlvE0_E21_M_not_empty_functionIS6_EEbRKT_
                0x0000000008001b10       0x16 /tmp/cczWlEH6.ltrans0.ltrans.o
 .text._ZN10AdcHandlerILt9EE10getAdcDataEv
                0x0000000008001b26       0x18 /tmp/cczWlEH6.ltrans0.ltrans.o
 .text._ZN10AdcHandlerILt9EE10isMsgReadyEv
                0x0000000008001b3e       0x18 /tmp/cczWlEH6.ltrans0.ltrans.o
 .text._ZN10AdcHandlerILt9EE13onAdcFinishedEPKt
                0x0000000008001b56      0x1fe /tmp/cczWlEH6.ltrans0.ltrans.o
 .text._ZNKSt5arrayItLj9EE4dataEv
                0x0000000008001d54       0x1a /tmp/cczWlEH6.ltrans0.ltrans.o
 .text._ZNK6AdcBusILj1ELj9E9LocalTimeL12AdcPrescaler0EL17AdcDmaStreamRemap0EE6valuesEv
                0x0000000008001d6e       0x18 /tmp/cczWlEH6.ltrans0.ltrans.o
 .text._ZNSt14_Function_base13_Base_managerIZN20AdcBridgeApplicationI9BoardImpl9WorkQueueILj8EEE14runApplicationEvEUlvE_E21_M_not_empty_functionIS6_EEbRKT_
                0x0000000008001d86       0x16 /tmp/cczWlEH6.ltrans0.ltrans.o
 .text._ZSt4moveIRZN20AdcBridgeApplicationI9BoardImpl9WorkQueueILj8EEE12onTimerEventEvEUlvE_EONSt16remove_referenceIT_E4typeEOS8_
                0x0000000008001d9c       0x16 /tmp/cczWlEH6.ltrans0.ltrans.o
 .text._ZSt8_DestroyIPhEvT_S1_
                0x0000000008001db2       0x18 /tmp/cczWlEH6.ltrans0.ltrans.o
 .text._ZNSaIhED2Ev
                0x0000000008001dca       0x18 /tmp/cczWlEH6.ltrans0.ltrans.o
 .text._ZNSt12_Vector_baseIhSaIhEEC2Ev
                0x0000000008001de2       0x1a /tmp/cczWlEH6.ltrans0.ltrans.o
 .text._ZNSt14__array_traitsIN7AdcBaseILj1EL17AdcDmaStreamRemap0EE7ChannelELj9EE6_S_refERA9_KS3_j
                0x0000000008001dfc       0x1c /tmp/cczWlEH6.ltrans0.ltrans.o
 .text._ZNSt14_Function_base13_Base_managerIZN6AdcBusILj1ELj9E9LocalTimeL12AdcPrescaler0EL17AdcDmaStreamRemap0EEC4ESt5arrayIN7AdcBaseILj1ELS4_0EE7ChannelELj9EENS8_7TriggerESt8functionIFvvEEEUlmE_E21_M_not_empty_functionISF_EEbRKT_
                0x0000000008001e18       0x16 /tmp/cczWlEH6.ltrans0.ltrans.o
 .text._ZSt4moveIRPFvRKSt9_Any_dataEEONSt16remove_referenceIT_E4typeEOS7_
                0x0000000008001e2e       0x16 /tmp/cczWlEH6.ltrans0.ltrans.o
 .text._ZSt4swapIPFvRKSt9_Any_dataEENSt9enable_ifIXsrSt6__and_IJSt6__not_ISt15__is_tuple_likeIT_EESt21is_move_constructibleIS9_ESt18is_move_assignableIS9_EEE5valueEvE4typeERS9_SJ_
                0x0000000008001e44       0x3c /tmp/cczWlEH6.ltrans0.ltrans.o
 .text._ZSt4moveIRPFbRSt9_Any_dataRKS0_St18_Manager_operationEEONSt16remove_referenceIT_E4typeEOS9_
                0x0000000008001e80       0x16 /tmp/cczWlEH6.ltrans0.ltrans.o
 .text._ZSt4swapIPFbRSt9_Any_dataRKS0_St18_Manager_operationEENSt9enable_ifIXsrSt6__and_IJSt6__not_ISt15__is_tuple_likeIT_EESt21is_move_constructibleISB_ESt18is_move_assignableISB_EEE5valueEvE4typeERSB_SL_
                0x0000000008001e96       0x3c /tmp/cczWlEH6.ltrans0.ltrans.o
 .text._ZSt4moveIRSt9_Any_dataEONSt16remove_referenceIT_E4typeEOS3_
                0x0000000008001ed2       0x16 /tmp/cczWlEH6.ltrans0.ltrans.o
 .text._ZSt4swapISt9_Any_dataENSt9enable_ifIXsrSt6__and_IJSt6__not_ISt15__is_tuple_likeIT_EESt21is_move_constructibleIS5_ESt18is_move_assignableIS5_EEE5valueEvE4typeERS5_SF_
                0x0000000008001ee8       0x4c /tmp/cczWlEH6.ltrans0.ltrans.o
 .text._ZN5TimerILj3ELb1EE6enableEv
                0x0000000008001f34       0x18 /tmp/cczWlEH6.ltrans0.ltrans.o
 .text._ZSt4moveIRZN20AdcBridgeApplicationI9BoardImpl9WorkQueueILj8EEE14runApplicationEvEUlvE1_EONSt16remove_referenceIT_E4typeEOS8_
                0x0000000008001f4c       0x16 /tmp/cczWlEH6.ltrans0.ltrans.o
 .text._ZSt4moveIRZN20AdcBridgeApplicationI9BoardImpl9WorkQueueILj8EEE14runApplicationEvEUlvE0_EONSt16remove_referenceIT_E4typeEOS8_
                0x0000000008001f62       0x16 /tmp/cczWlEH6.ltrans0.ltrans.o
 .text._ZN5TimerILj3ELb1EE13setMasterModeENS0_10MasterModeE
                0x0000000008001f78       0x24 /tmp/cczWlEH6.ltrans0.ltrans.o
 .text._ZN5TimerILj2ELb0EE13setMasterModeENS0_10MasterModeE
                0x0000000008001f9c       0x20 /tmp/cczWlEH6.ltrans0.ltrans.o
 .text._ZSt4moveIRZN20AdcBridgeApplicationI9BoardImpl9WorkQueueILj8EEE14runApplicationEvEUlvE_EONSt16remove_referenceIT_E4typeEOS8_
                0x0000000008001fbc       0x16 /tmp/cczWlEH6.ltrans0.ltrans.o
 .text._ZSt8_DestroyIPhhEvT_S1_RSaIT0_E
                0x0000000008001fd2       0x1a /tmp/cczWlEH6.ltrans0.ltrans.o
 .text._ZNSt12_Vector_baseIhSaIhEE19_M_get_Tp_allocatorEv
                0x0000000008001fec       0x16 /tmp/cczWlEH6.ltrans0.ltrans.o
 .text._ZNSt6vectorIhSaIhEE15_M_erase_at_endEPh
                0x0000000008002002       0x2e /tmp/cczWlEH6.ltrans0.ltrans.o
 .text._ZNSt6vectorIhSaIhEE5clearEv
                0x0000000008002030       0x1a /tmp/cczWlEH6.ltrans0.ltrans.o
 .text._ZN20MotherBoardInterfaceI5UsartILj1ELj64ELj272EE10DmaChannelILj2ELj7EE19GromAdcBridgeDeviceI9LocalTimeE8FastCrc8E12resetRxFrameEv
                0x000000000800204a       0x1a /tmp/cczWlEH6.ltrans0.ltrans.o
 .text._ZNSt12_Vector_baseIhSaIhEE12_Vector_implD2Ev
                0x0000000008002064       0x18 /tmp/cczWlEH6.ltrans0.ltrans.o
 .text._ZNSt6vectorIhSaIhEEC2Ev
                0x000000000800207c       0x1a /tmp/cczWlEH6.ltrans0.ltrans.o
 .text._ZNSt5arrayIN7AdcBaseILj1EL17AdcDmaStreamRemap0EE7ChannelELj9EEixEj
                0x0000000008002096       0x1e /tmp/cczWlEH6.ltrans0.ltrans.o
 .text._ZN10DmaChannelILj2ELj0EE15priorityToValueEN3Dma8PriorityE
                0x00000000080020b4       0x36 /tmp/cczWlEH6.ltrans0.ltrans.o
 .text._ZN10DmaChannelILj2ELj0EE18widthToPeriphValueEN3Dma5WidthE
                0x00000000080020ea       0x2e /tmp/cczWlEH6.ltrans0.ltrans.o
 .text._ZN10DmaChannelILj2ELj0EE15widthToMemValueEN3Dma5WidthE
                0x0000000008002118       0x2e /tmp/cczWlEH6.ltrans0.ltrans.o
 .text._ZN10DmaChannelILj2ELj0EE10dirToValueEN3Dma3DirE
                0x0000000008002146       0x2a /tmp/cczWlEH6.ltrans0.ltrans.o
 .text._ZN10DmaChannelILj2ELj0EE11numberToIrqEv
                0x0000000008002170       0x10 /tmp/cczWlEH6.ltrans0.ltrans.o
 .text._ZN10DmaChannelILj2ELj0EE19numberToResetSignalEv
                0x0000000008002180       0x12 /tmp/cczWlEH6.ltrans0.ltrans.o
 .text._ZN10DmaChannelILj2ELj0EE19numberToClockBranchEv
                0x0000000008002192       0x12 /tmp/cczWlEH6.ltrans0.ltrans.o
 .text._ZSt4moveIRZN6AdcBusILj1ELj9E9LocalTimeL12AdcPrescaler0EL17AdcDmaStreamRemap0EEC4ESt5arrayIN7AdcBaseILj1ELS3_0EE7ChannelELj9EENS7_7TriggerESt8functionIFvvEEEUlmE_EONSt16remove_referenceIT_E4typeEOSH_
                0x00000000080021a4       0x16 /tmp/cczWlEH6.ltrans0.ltrans.o
 .text._ZN5QueueIhLj272EEC2Ev
                0x00000000080021ba       0x2e /tmp/cczWlEH6.ltrans0.ltrans.o
 .text._ZN5QueueIhLj64EEC2Ev
                0x00000000080021e8       0x28 /tmp/cczWlEH6.ltrans0.ltrans.o
 .text._ZNSt14_Function_base13_Base_managerIPFvmEE21_M_not_empty_functionIS1_EEbPT_
                0x0000000008002210       0x20 /tmp/cczWlEH6.ltrans0.ltrans.o
 .text._ZN9TimerBaseILj3EE5clockEv
                0x0000000008002230       0x2c /tmp/cczWlEH6.ltrans0.ltrans.o
 .text._ZN9TimerBaseILj2EE5clockEv
                0x000000000800225c       0x2c /tmp/cczWlEH6.ltrans0.ltrans.o
 .text._ZNSt8functionIFvvEE4swapERS1_
                0x0000000008002288       0x40 /tmp/cczWlEH6.ltrans0.ltrans.o
 .text._ZN9UsartBaseILj1EE10setHandlerEPS0_
                0x00000000080022c8       0x1c /tmp/cczWlEH6.ltrans0.ltrans.o
 .text._ZN9TimerBaseILj3EE10setHandlerEPS0_
                0x00000000080022e4       0x1c /tmp/cczWlEH6.ltrans0.ltrans.o
 .text._ZN5TimerILj3ELb1EE7disableEv
                0x0000000008002300       0x18 /tmp/cczWlEH6.ltrans0.ltrans.o
 .text._ZN9TimerBaseILj2EE10setHandlerEPS0_
                0x0000000008002318       0x1c /tmp/cczWlEH6.ltrans0.ltrans.o
 .text._ZN5TimerILj2ELb0EE7disableEv
                0x0000000008002334       0x16 /tmp/cczWlEH6.ltrans0.ltrans.o
 *fill*         0x000000000800234a        0x2 
 .text._ZN6AdcBusILj1ELj9E9LocalTimeL12AdcPrescaler0EL17AdcDmaStreamRemap0EE13setResolutionEm
                0x000000000800234c       0x1c /tmp/cczWlEH6.ltrans0.ltrans.o
 .text._ZN5UsartILj1ELj64ELj272EE11enableTxDmaEv
                0x0000000008002368       0x18 /tmp/cczWlEH6.ltrans0.ltrans.o
 .text._ZN9UsartBaseILj1EEC2ERKS0_
                0x0000000008002380       0x24 /tmp/cczWlEH6.ltrans0.ltrans.o
 .text._ZN10AdcHandlerILt9EE7AdcDataC2Ev
                0x00000000080023a4       0x54 /tmp/cczWlEH6.ltrans0.ltrans.o
 .text._ZN10AdcHandlerILt9EEC2Ev
                0x00000000080023f8       0x28 /tmp/cczWlEH6.ltrans0.ltrans.o
 .text._ZN19GromAdcBridgeDeviceI9LocalTimeEC2Ev
                0x0000000008002420       0x22 /tmp/cczWlEH6.ltrans0.ltrans.o
 .text._ZNSt6chrono8durationIxSt5ratioILx1ELx1000000EEEC2IivEERKT_
                0x0000000008002442       0x24 /tmp/cczWlEH6.ltrans0.ltrans.o
 .text._ZN7AdcBaseILj1EL17AdcDmaStreamRemap0EE16numberToDmaEventEv
                0x0000000008002466       0x10 /tmp/cczWlEH6.ltrans0.ltrans.o
 *fill*         0x0000000008002476        0x2 
 .text._ZN7AdcBaseILj1EL17AdcDmaStreamRemap0EEC2Ev
                0x0000000008002478       0x20 /tmp/cczWlEH6.ltrans0.ltrans.o
 .text._ZN9UsartBaseILj1EE19numberToResetSignalEv
                0x0000000008002498       0x12 /tmp/cczWlEH6.ltrans0.ltrans.o
 *fill*         0x00000000080024aa        0x2 
 .text._ZN9UsartBaseILj1EEC2Ev
                0x00000000080024ac       0x20 /tmp/cczWlEH6.ltrans0.ltrans.o
 .text._ZN10DmaChannelILj2ELj7EE15priorityToValueEN3Dma8PriorityE
                0x00000000080024cc       0x36 /tmp/cczWlEH6.ltrans0.ltrans.o
 .text._ZN10DmaChannelILj2ELj7EE18widthToPeriphValueEN3Dma5WidthE
                0x0000000008002502       0x2e /tmp/cczWlEH6.ltrans0.ltrans.o
 .text._ZN10DmaChannelILj2ELj7EE15widthToMemValueEN3Dma5WidthE
                0x0000000008002530       0x2e /tmp/cczWlEH6.ltrans0.ltrans.o
 .text._ZN10DmaChannelILj2ELj7EE10dirToValueEN3Dma3DirE
                0x000000000800255e       0x2a /tmp/cczWlEH6.ltrans0.ltrans.o
 .text._ZN10DmaChannelILj2ELj7EE11numberToIrqEv
                0x0000000008002588       0x10 /tmp/cczWlEH6.ltrans0.ltrans.o
 .text._ZN10DmaChannelILj2ELj7EE19numberToResetSignalEv
                0x0000000008002598       0x12 /tmp/cczWlEH6.ltrans0.ltrans.o
 .text._ZN10DmaChannelILj2ELj7EE19numberToClockBranchEv
                0x00000000080025aa       0x12 /tmp/cczWlEH6.ltrans0.ltrans.o
 .text._ZSt4moveIRPFvmEEONSt16remove_referenceIT_E4typeEOS4_
                0x00000000080025bc       0x16 /tmp/cczWlEH6.ltrans0.ltrans.o
 .text._ZN9TimerBaseILj3EE19numberToResetSignalEv
                0x00000000080025d2       0x12 /tmp/cczWlEH6.ltrans0.ltrans.o
 .text._ZN9TimerBaseILj3EEC2Ev
                0x00000000080025e4       0x20 /tmp/cczWlEH6.ltrans0.ltrans.o
 .text._ZN9TimerBaseILj2EE19numberToResetSignalEv
                0x0000000008002604       0x12 /tmp/cczWlEH6.ltrans0.ltrans.o
 *fill*         0x0000000008002616        0x2 
 .text._ZN9TimerBaseILj2EEC2Ev
                0x0000000008002618       0x20 /tmp/cczWlEH6.ltrans0.ltrans.o
 .text._ZN20AdcBridgeApplicationI9BoardImpl9WorkQueueILj8EEE15onDmaTransferedEm
                0x0000000008002638       0x12 /tmp/cczWlEH6.ltrans0.ltrans.o
 .text._ZN10AdcHandlerILt9EED2Ev
                0x000000000800264a       0x16 /tmp/cczWlEH6.ltrans0.ltrans.o
 .text._ZN19GromAdcBridgeDeviceI9LocalTimeED2Ev
                0x0000000008002660       0x16 /tmp/cczWlEH6.ltrans0.ltrans.o
 .text._ZN7AdcBaseILj1EL17AdcDmaStreamRemap0EE19numberToClockBranchEv
                0x0000000008002676       0x12 /tmp/cczWlEH6.ltrans0.ltrans.o
 .text._ZN7AdcBaseILj1EL17AdcDmaStreamRemap0EED2Ev
                0x0000000008002688       0x20 /tmp/cczWlEH6.ltrans0.ltrans.o
 .text._ZN9UsartBaseILj1EE19numberToClockBranchEv
                0x00000000080026a8       0x12 /tmp/cczWlEH6.ltrans0.ltrans.o
 *fill*         0x00000000080026ba        0x2 
 .text._ZN9UsartBaseILj1EED2Ev
                0x00000000080026bc       0x20 /tmp/cczWlEH6.ltrans0.ltrans.o
 .text._ZN9TimerBaseILj3EE19numberToClockBranchEv
                0x00000000080026dc       0x12 /tmp/cczWlEH6.ltrans0.ltrans.o
 *fill*         0x00000000080026ee        0x2 
 .text._ZN9TimerBaseILj3EED2Ev
                0x00000000080026f0       0x20 /tmp/cczWlEH6.ltrans0.ltrans.o
 .text._ZN9TimerBaseILj2EE19numberToClockBranchEv
                0x0000000008002710       0x12 /tmp/cczWlEH6.ltrans0.ltrans.o
 *fill*         0x0000000008002722        0x2 
 .text._ZN9TimerBaseILj2EED2Ev
                0x0000000008002724       0x20 /tmp/cczWlEH6.ltrans0.ltrans.o
 .text._ZN4GpioIL8GpioPort0ELj5EE3setEv
                0x0000000008002744       0x14 /tmp/cczWlEH6.ltrans0.ltrans.o
 .text._ZN4GpioIL8GpioPort1ELj0EE19numberToResetSignalEv
                0x0000000008002758       0x12 /tmp/cczWlEH6.ltrans0.ltrans.o
 .text._ZN4GpioIL8GpioPort1ELj0EE19numberToClockBranchEv
                0x000000000800276a       0x12 /tmp/cczWlEH6.ltrans0.ltrans.o
 .text._ZN4GpioIL8GpioPort1ELj0EE4initE8GpioMode8GpioPull8GpioType9GpioSpeed
                0x000000000800277c       0x7c /tmp/cczWlEH6.ltrans0.ltrans.o
 .text._ZN4GpioIL8GpioPort0ELj5EE19numberToResetSignalEv
                0x00000000080027f8       0x12 /tmp/cczWlEH6.ltrans0.ltrans.o
 .text._ZN4GpioIL8GpioPort0ELj5EE19numberToClockBranchEv
                0x000000000800280a       0x12 /tmp/cczWlEH6.ltrans0.ltrans.o
 .text._ZN4GpioIL8GpioPort0ELj5EE4initE8GpioMode8GpioPull8GpioType9GpioSpeed
                0x000000000800281c       0x7c /tmp/cczWlEH6.ltrans0.ltrans.o
 .text._ZN4GpioIL8GpioPort0ELj9EE10setAltFuncEh
                0x0000000008002898       0x24 /tmp/cczWlEH6.ltrans0.ltrans.o
 .text._ZN4GpioIL8GpioPort0ELj9EE19numberToResetSignalEv
                0x00000000080028bc       0x12 /tmp/cczWlEH6.ltrans0.ltrans.o
 .text._ZN4GpioIL8GpioPort0ELj9EE19numberToClockBranchEv
                0x00000000080028ce       0x12 /tmp/cczWlEH6.ltrans0.ltrans.o
 .text._ZN4GpioIL8GpioPort0ELj9EE4initE8GpioMode8GpioPull8GpioType9GpioSpeed
                0x00000000080028e0       0x80 /tmp/cczWlEH6.ltrans0.ltrans.o
 .text._ZN4GpioIL8GpioPort0ELj10EE10setAltFuncEh
                0x0000000008002960       0x24 /tmp/cczWlEH6.ltrans0.ltrans.o
 .text._ZN4GpioIL8GpioPort0ELj10EE19numberToResetSignalEv
                0x0000000008002984       0x12 /tmp/cczWlEH6.ltrans0.ltrans.o
 .text._ZN4GpioIL8GpioPort0ELj10EE19numberToClockBranchEv
                0x0000000008002996       0x12 /tmp/cczWlEH6.ltrans0.ltrans.o
 .text._ZN4GpioIL8GpioPort0ELj10EE4initE8GpioMode8GpioPull8GpioType9GpioSpeed
                0x00000000080029a8       0x80 /tmp/cczWlEH6.ltrans0.ltrans.o
 .text._ZSt7forwardIRmEOT_RNSt16remove_referenceIS1_E4typeE
                0x0000000008002a28       0x16 /tmp/cczWlEH6.ltrans0.ltrans.o
 .text._ZNSt10_Head_baseILj0EmLb0EEC2IRmEEOT_
                0x0000000008002a3e       0x22 /tmp/cczWlEH6.ltrans0.ltrans.o
 .text._ZN9BoardImpl11Initializer11deinitClockEv
                0x0000000008002a60       0x24 /tmp/cczWlEH6.ltrans0.ltrans.o
 .text._ZN9BoardImpl11Initializer9initClockEv
                0x0000000008002a84       0x10 /tmp/cczWlEH6.ltrans0.ltrans.o
 .text._ZN9BoardImpl13getAdcTriggerEv
                0x0000000008002a94       0x18 /tmp/cczWlEH6.ltrans0.ltrans.o
 .text._ZN9BoardImpl14getAdcChannelsEv
                0x0000000008002aac       0x2c /tmp/cczWlEH6.ltrans0.ltrans.o
 .text._ZN9BoardImpl23MotherBoardInterface_DREv
                0x0000000008002ad8       0x14 /tmp/cczWlEH6.ltrans0.ltrans.o
 .text._ZN8FastCrc86updateEhPKvj
                0x0000000008002aec       0x50 /tmp/cczWlEH6.ltrans0.ltrans.o
 .text.cm_disable_interrupts
                0x0000000008002b3c        0xe /tmp/cczWlEH6.ltrans0.ltrans.o
 .text._ZL10irqDisablev
                0x0000000008002b4a        0xa /tmp/cczWlEH6.ltrans0.ltrans.o
 .text.cm_enable_interrupts
                0x0000000008002b54        0xe /tmp/cczWlEH6.ltrans0.ltrans.o
 .text._ZL9irqEnablev
                0x0000000008002b62        0xa /tmp/cczWlEH6.ltrans0.ltrans.o
 .text._ZN8Watchdog5resetEv
                0x0000000008002b6c       0x12 /tmp/cczWlEH6.ltrans0.ltrans.o
 .text._ZN20AdcBridgeApplicationI9BoardImpl9WorkQueueILj8EEE19onTimerEventHandlerEv
                0x0000000008002b7e       0x32 /tmp/cczWlEH6.ltrans0.ltrans.o
 .text._ZZN20AdcBridgeApplicationI9BoardImpl9WorkQueueILj8EEE12onTimerEventEvENKUlvE_clEv
                0x0000000008002bb0       0x18 /tmp/cczWlEH6.ltrans0.ltrans.o
 .text._ZN8WatchdogC2Em
                0x0000000008002bc8       0x48 /tmp/cczWlEH6.ltrans0.ltrans.o
 .text._ZNSt6chrono8durationIxSt5ratioILx1ELx1000000EEEC1IxvEERKT_
                0x0000000008002c10       0x22 /tmp/cczWlEH6.ltrans0.ltrans.o
 .text._ZNKSt6chrono8durationIxSt5ratioILx1ELx1000000EEE5countEv
                0x0000000008002c32       0x1a /tmp/cczWlEH6.ltrans0.ltrans.o
 .text._ZNSt6chronoltIxSt5ratioILx1ELx1000000EExS2_EEbRKNS_8durationIT_T0_EERKNS3_IT1_T2_EE
                0x0000000008002c4c       0x50 /tmp/cczWlEH6.ltrans0.ltrans.o
 .text._ZNSt6chronoleIxSt5ratioILx1ELx1000000EExS2_EEbRKNS_8durationIT_T0_EERKNS3_IT1_T2_EE
                0x0000000008002c9c       0x22 /tmp/cczWlEH6.ltrans0.ltrans.o
 .text._ZNSt6chronoplIxSt5ratioILx1ELx1000000EExS2_EENSt11common_typeIJNS_8durationIT_T0_EENS4_IT1_T2_EEEE4typeERKS7_RKSA_
                0x0000000008002cbe       0x5a /tmp/cczWlEH6.ltrans0.ltrans.o
 .text._ZNSt6chrono8durationIxSt5ratioILx1ELx1000000EEEC1IyvEERKT_
                0x0000000008002d18       0x22 /tmp/cczWlEH6.ltrans0.ltrans.o
 .text._ZNSt10_Head_baseILj1EmLb0EE7_M_headERKS0_
                0x0000000008002d3a       0x16 /tmp/cczWlEH6.ltrans0.ltrans.o
 .text._ZNSt11_Tuple_implILj1EJmEE7_M_headERKS0_
                0x0000000008002d50       0x1a /tmp/cczWlEH6.ltrans0.ltrans.o
 .text._ZSt12__get_helperILj1EmJEERKT0_RKSt11_Tuple_implIXT_EJS0_DpT1_EE
                0x0000000008002d6a       0x18 /tmp/cczWlEH6.ltrans0.ltrans.o
 .text._ZSt3getILj1EJmmEERKNSt13tuple_elementIXT_ESt5tupleIJDpT0_EEE4typeERKS4_
                0x0000000008002d82       0x1a /tmp/cczWlEH6.ltrans0.ltrans.o
 .text._ZNSt10_Head_baseILj0EmLb0EE7_M_headERKS0_
                0x0000000008002d9c       0x16 /tmp/cczWlEH6.ltrans0.ltrans.o
 .text._ZNSt11_Tuple_implILj0EJmmEE7_M_headERKS0_
                0x0000000008002db2       0x1c /tmp/cczWlEH6.ltrans0.ltrans.o
 .text._ZSt12__get_helperILj0EmJmEERKT0_RKSt11_Tuple_implIXT_EJS0_DpT1_EE
                0x0000000008002dce       0x18 /tmp/cczWlEH6.ltrans0.ltrans.o
 .text._ZSt3getILj0EJmmEERKNSt13tuple_elementIXT_ESt5tupleIJDpT0_EEE4typeERKS4_
                0x0000000008002de6       0x1a /tmp/cczWlEH6.ltrans0.ltrans.o
 .text._ZSt7forwardImEOT_RNSt16remove_referenceIS0_E4typeE
                0x0000000008002e00       0x16 /tmp/cczWlEH6.ltrans0.ltrans.o
 .text._ZNSt10_Head_baseILj1EmLb0EEC2ImEEOT_
                0x0000000008002e16       0x22 /tmp/cczWlEH6.ltrans0.ltrans.o
 .text._ZNSt11_Tuple_implILj1EJmEEC2ImEEOT_
                0x0000000008002e38       0x26 /tmp/cczWlEH6.ltrans0.ltrans.o
 .text._ZNSt11_Tuple_implILj0EJmmEEC2IRmJmEvEEOT_DpOT0_
                0x0000000008002e5e       0x3c /tmp/cczWlEH6.ltrans0.ltrans.o
 .text._ZNSt5tupleIJmmEEC2IRmmLb1EEEOT_OT0_
                0x0000000008002e9a       0x32 /tmp/cczWlEH6.ltrans0.ltrans.o
 .text._ZSt10make_tupleIJRmmEESt5tupleIJDpNSt17__decay_and_stripIT_E6__typeEEEDpOS3_
                0x0000000008002ecc       0x2e /tmp/cczWlEH6.ltrans0.ltrans.o
 *fill*         0x0000000008002efa        0x2 
 .text._ZN9LocalTime9timestampEv
                0x0000000008002efc       0x74 /tmp/cczWlEH6.ltrans0.ltrans.o
 .text._ZN9LocalTime12microsecondsEv
                0x0000000008002f70       0xb6 /tmp/cczWlEH6.ltrans0.ltrans.o
 .text._ZN19GromAdcBridgeDeviceI9LocalTimeE19callbackTimeSyncMsgEm
                0x0000000008003026       0x40 /tmp/cczWlEH6.ltrans0.ltrans.o
 .text._ZN9LocalTime5delayENSt6chrono8durationIxSt5ratioILx1ELx1000000EEEE
                0x0000000008003066       0x4a /tmp/cczWlEH6.ltrans0.ltrans.o
 .text._ZNKSt14_Function_base8_M_emptyEv
                0x00000000080030b0       0x22 /tmp/cczWlEH6.ltrans0.ltrans.o
 .text._ZNKSt8functionIFvmEEcvbEv
                0x00000000080030d2       0x20 /tmp/cczWlEH6.ltrans0.ltrans.o
 .text._ZNKSt8functionIFvvEEcvbEv
                0x00000000080030f2       0x20 /tmp/cczWlEH6.ltrans0.ltrans.o
 .text._ZStneIvJEEbRKSt8functionIFT_DpT0_EEDn
                0x0000000008003112       0x1a /tmp/cczWlEH6.ltrans0.ltrans.o
 .text._ZNSt14_Function_baseD2Ev
                0x000000000800312c       0x26 /tmp/cczWlEH6.ltrans0.ltrans.o
 .text._ZNSt8functionIFvmEED2Ev
                0x0000000008003152       0x1a /tmp/cczWlEH6.ltrans0.ltrans.o
 .text._ZN7DmaBaseILj2ELj7EED2Ev
                0x000000000800316c       0x28 /tmp/cczWlEH6.ltrans0.ltrans.o
 .text._ZN10DmaChannelILj2ELj7EED2Ev
                0x0000000008003194       0x24 /tmp/cczWlEH6.ltrans0.ltrans.o
 .text._ZN7DmaBaseILj2ELj0EED2Ev
                0x00000000080031b8       0x28 /tmp/cczWlEH6.ltrans0.ltrans.o
 .text._ZN10DmaChannelILj2ELj0EED2Ev
                0x00000000080031e0       0x24 /tmp/cczWlEH6.ltrans0.ltrans.o
 .text._ZNSt8functionIFvvEED2Ev
                0x0000000008003204       0x1a /tmp/cczWlEH6.ltrans0.ltrans.o
 *fill*         0x000000000800321e        0x2 
 .text._ZN6AdcBusILj1ELj9E9LocalTimeL12AdcPrescaler0EL17AdcDmaStreamRemap0EED2Ev
                0x0000000008003220       0x50 /tmp/cczWlEH6.ltrans0.ltrans.o
 .text._ZN5UsartILj1ELj64ELj272EED2Ev
                0x0000000008003270       0x64 /tmp/cczWlEH6.ltrans0.ltrans.o
 .text._ZN5TimerILj3ELb1EED2Ev
                0x00000000080032d4       0x58 /tmp/cczWlEH6.ltrans0.ltrans.o
 .text._ZN5TimerILj2ELb0EED2Ev
                0x000000000800332c       0x58 /tmp/cczWlEH6.ltrans0.ltrans.o
 .text._ZN5QueueISt8functionIFvvEELj8EED2Ev
                0x0000000008003384       0x2e /tmp/cczWlEH6.ltrans0.ltrans.o
 .text._ZN9WorkQueueILj8EED2Ev
                0x00000000080033b2       0x24 /tmp/cczWlEH6.ltrans0.ltrans.o
 .text._ZNSt14_Function_baseC2Ev
                0x00000000080033d6       0x1c /tmp/cczWlEH6.ltrans0.ltrans.o
 .text._ZNSt8functionIFvvEEC2Ev
                0x00000000080033f2       0x1a /tmp/cczWlEH6.ltrans0.ltrans.o
 .text._ZN5QueueISt8functionIFvvEELj8EEC2Ev
                0x000000000800340c       0x40 /tmp/cczWlEH6.ltrans0.ltrans.o
 .text._ZNSt8functionIFvmEEC2ERKS1_
                0x000000000800344c       0x44 /tmp/cczWlEH6.ltrans0.ltrans.o
 .text._ZN7DmaBaseILj2ELj0EEC2ESt8functionIFvmEE
                0x0000000008003490       0x2c /tmp/cczWlEH6.ltrans0.ltrans.o
 .text._ZN10DmaChannelILj2ELj0EEC2EN3Dma3DirENS1_5WidthEbS3_bjSt8functionIFvmEEbNS1_8PriorityE
                0x00000000080034bc      0x1bc /tmp/cczWlEH6.ltrans0.ltrans.o
 .text._ZN7DmaBaseILj2ELj7EEC2ESt8functionIFvmEE
                0x0000000008003678       0x2c /tmp/cczWlEH6.ltrans0.ltrans.o
 .text._ZN7DmaBaseILj2ELj7EEC2ERKS0_
                0x00000000080036a4       0x30 /tmp/cczWlEH6.ltrans0.ltrans.o
 .text._ZN10DmaChannelILj2ELj7EEC2ERKS0_
                0x00000000080036d4       0x3c /tmp/cczWlEH6.ltrans0.ltrans.o
 .text._ZN10DmaChannelILj2ELj7EEC2EN3Dma3DirENS1_5WidthEbS3_bjSt8functionIFvmEEbNS1_8PriorityE
                0x0000000008003710      0x1bc /tmp/cczWlEH6.ltrans0.ltrans.o
 .text._ZNSt8functionIFvvEEC2ERKS1_
                0x00000000080038cc       0x44 /tmp/cczWlEH6.ltrans0.ltrans.o
 .text._ZN5QueueISt8functionIFvvEELj8EE7popImplILj8EEENSt9enable_ifIXaant13isTypeAlignedIXT_EE12isPowerOfTwoIXT_EEES2_E4typeEv
                0x0000000008003910       0x4e /tmp/cczWlEH6.ltrans0.ltrans.o
 .text._ZNSt8functionIFvvEEaSERKS1_
                0x000000000800395e       0x36 /tmp/cczWlEH6.ltrans0.ltrans.o
 .text._ZN5QueueISt8functionIFvvEELj8EE8pushImplILj8EEENSt9enable_ifIXaant13isTypeAlignedIXT_EE12isPowerOfTwoIXT_EEEvE4typeERKS2_
                0x0000000008003994       0x4a /tmp/cczWlEH6.ltrans0.ltrans.o
 .text._ZN5UsartILj1ELj64ELj272EE11setCallbackESt8functionIFvvEE
                0x00000000080039de       0x1e /tmp/cczWlEH6.ltrans0.ltrans.o
 .text._ZN6AdcBusILj1ELj9E9LocalTimeL12AdcPrescaler0EL17AdcDmaStreamRemap0EE11setCallbackESt8functionIFvvEE
                0x00000000080039fc       0x1c /tmp/cczWlEH6.ltrans0.ltrans.o
 .text._ZN5TimerILj2ELb0EE11setCallbackESt8functionIFvvEE
                0x0000000008003a18       0x42 /tmp/cczWlEH6.ltrans0.ltrans.o
 .text._ZN9WorkQueueILj8EEC2ESt8functionIFvvEE
                0x0000000008003a5a       0x28 /tmp/cczWlEH6.ltrans0.ltrans.o
 *fill*         0x0000000008003a82        0x2 
 .text._ZN5UsartILj1ELj64ELj272EEC2ERKS0_
                0x0000000008003a84       0x64 /tmp/cczWlEH6.ltrans0.ltrans.o
 .text._ZN20MotherBoardInterfaceI5UsartILj1ELj64ELj272EE10DmaChannelILj2ELj7EE19GromAdcBridgeDeviceI9LocalTimeE8FastCrc8EC2ERS1_RS3_PmRS6_
                0x0000000008003ae8       0x82 /tmp/cczWlEH6.ltrans0.ltrans.o
 *fill*         0x0000000008003b6a        0x2 
 .text._ZN5UsartILj1ELj64ELj272EEC2EmSt8functionIFvvEE
                0x0000000008003b6c       0xc0 /tmp/cczWlEH6.ltrans0.ltrans.o
 .text._ZNSt8functionIFvvEEC2EDn
                0x0000000008003c2c       0x1c /tmp/cczWlEH6.ltrans0.ltrans.o
 .text._ZNKSt9_Any_data9_M_accessEv
                0x0000000008003c48       0x16 /tmp/cczWlEH6.ltrans0.ltrans.o
 .text._ZNKSt9_Any_data9_M_accessIZN20AdcBridgeApplicationI9BoardImpl9WorkQueueILj8EEE12onTimerEventEvEUlvE_EERKT_v
                0x0000000008003c5e       0x18 /tmp/cczWlEH6.ltrans0.ltrans.o
 .text._ZNSt14_Function_base13_Base_managerIZN20AdcBridgeApplicationI9BoardImpl9WorkQueueILj8EEE12onTimerEventEvEUlvE_E14_M_get_pointerERKSt9_Any_data
                0x0000000008003c76       0x22 /tmp/cczWlEH6.ltrans0.ltrans.o
 .text._ZNSt17_Function_handlerIFvvEZN20AdcBridgeApplicationI9BoardImpl9WorkQueueILj8EEE12onTimerEventEvEUlvE_E9_M_invokeERKSt9_Any_data
                0x0000000008003c98       0x1c /tmp/cczWlEH6.ltrans0.ltrans.o
 .text._ZNKSt9_Any_data9_M_accessIZN20AdcBridgeApplicationI9BoardImpl9WorkQueueILj8EEE14runApplicationEvEUlvE1_EERKT_v
                0x0000000008003cb4       0x18 /tmp/cczWlEH6.ltrans0.ltrans.o
 .text._ZNSt14_Function_base13_Base_managerIZN20AdcBridgeApplicationI9BoardImpl9WorkQueueILj8EEE14runApplicationEvEUlvE1_E14_M_get_pointerERKSt9_Any_data
                0x0000000008003ccc       0x22 /tmp/cczWlEH6.ltrans0.ltrans.o
 .text._ZNKSt9_Any_data9_M_accessIZN20AdcBridgeApplicationI9BoardImpl9WorkQueueILj8EEE14runApplicationEvEUlvE0_EERKT_v
                0x0000000008003cee       0x18 /tmp/cczWlEH6.ltrans0.ltrans.o
 .text._ZNSt14_Function_base13_Base_managerIZN20AdcBridgeApplicationI9BoardImpl9WorkQueueILj8EEE14runApplicationEvEUlvE0_E14_M_get_pointerERKSt9_Any_data
                0x0000000008003d06       0x22 /tmp/cczWlEH6.ltrans0.ltrans.o
 .text._ZNKSt9_Any_data9_M_accessIZN20AdcBridgeApplicationI9BoardImpl9WorkQueueILj8EEE14runApplicationEvEUlvE_EERKT_v
                0x0000000008003d28       0x18 /tmp/cczWlEH6.ltrans0.ltrans.o
 .text._ZNSt14_Function_base13_Base_managerIZN20AdcBridgeApplicationI9BoardImpl9WorkQueueILj8EEE14runApplicationEvEUlvE_E14_M_get_pointerERKSt9_Any_data
                0x0000000008003d40       0x22 /tmp/cczWlEH6.ltrans0.ltrans.o
 .text._ZNKSt9_Any_data9_M_accessIZN6AdcBusILj1ELj9E9LocalTimeL12AdcPrescaler0EL17AdcDmaStreamRemap0EEC4ESt5arrayIN7AdcBaseILj1ELS4_0EE7ChannelELj9EENS8_7TriggerESt8functionIFvvEEEUlmE_EERKT_v
                0x0000000008003d62       0x18 /tmp/cczWlEH6.ltrans0.ltrans.o
 .text._ZNSt14_Function_base13_Base_managerIZN6AdcBusILj1ELj9E9LocalTimeL12AdcPrescaler0EL17AdcDmaStreamRemap0EEC4ESt5arrayIN7AdcBaseILj1ELS4_0EE7ChannelELj9EENS8_7TriggerESt8functionIFvvEEEUlmE_E14_M_get_pointerERKSt9_Any_data
                0x0000000008003d7a       0x22 /tmp/cczWlEH6.ltrans0.ltrans.o
 .text._ZNKSt9_Any_data9_M_accessIPFvmEEERKT_v
                0x0000000008003d9c       0x18 /tmp/cczWlEH6.ltrans0.ltrans.o
 .text._ZNSt14_Function_base13_Base_managerIPFvmEE14_M_get_pointerERKSt9_Any_data
                0x0000000008003db4       0x22 /tmp/cczWlEH6.ltrans0.ltrans.o
 .text._ZNSt17_Function_handlerIFvmEPS0_E9_M_invokeERKSt9_Any_dataOm
                0x0000000008003dd6       0x28 /tmp/cczWlEH6.ltrans0.ltrans.o
 .text._ZNSt9_Any_data9_M_accessEv
                0x0000000008003dfe       0x16 /tmp/cczWlEH6.ltrans0.ltrans.o
 .text._ZNSt9_Any_data9_M_accessIZN20AdcBridgeApplicationI9BoardImpl9WorkQueueILj8EEE12onTimerEventEvEUlvE_EERT_v
                0x0000000008003e14       0x18 /tmp/cczWlEH6.ltrans0.ltrans.o
 .text._ZNSt14_Function_base13_Base_managerIZN20AdcBridgeApplicationI9BoardImpl9WorkQueueILj8EEE12onTimerEventEvEUlvE_E10_M_destroyERSt9_Any_dataSt17integral_constantIbLb1EE
                0x0000000008003e2c       0x16 /tmp/cczWlEH6.ltrans0.ltrans.o
 .text._ZNSt9_Any_data9_M_accessIZN20AdcBridgeApplicationI9BoardImpl9WorkQueueILj8EEE14runApplicationEvEUlvE1_EERT_v
                0x0000000008003e42       0x18 /tmp/cczWlEH6.ltrans0.ltrans.o
 .text._ZNSt14_Function_base13_Base_managerIZN20AdcBridgeApplicationI9BoardImpl9WorkQueueILj8EEE14runApplicationEvEUlvE1_E10_M_destroyERSt9_Any_dataSt17integral_constantIbLb1EE
                0x0000000008003e5a       0x16 /tmp/cczWlEH6.ltrans0.ltrans.o
 .text._ZNSt9_Any_data9_M_accessIZN20AdcBridgeApplicationI9BoardImpl9WorkQueueILj8EEE14runApplicationEvEUlvE0_EERT_v
                0x0000000008003e70       0x18 /tmp/cczWlEH6.ltrans0.ltrans.o
 .text._ZNSt14_Function_base13_Base_managerIZN20AdcBridgeApplicationI9BoardImpl9WorkQueueILj8EEE14runApplicationEvEUlvE0_E10_M_destroyERSt9_Any_dataSt17integral_constantIbLb1EE
                0x0000000008003e88       0x16 /tmp/cczWlEH6.ltrans0.ltrans.o
 .text._ZNSt9_Any_data9_M_accessIZN20AdcBridgeApplicationI9BoardImpl9WorkQueueILj8EEE14runApplicationEvEUlvE_EERT_v
                0x0000000008003e9e       0x18 /tmp/cczWlEH6.ltrans0.ltrans.o
 .text._ZNSt14_Function_base13_Base_managerIZN20AdcBridgeApplicationI9BoardImpl9WorkQueueILj8EEE14runApplicationEvEUlvE_E10_M_destroyERSt9_Any_dataSt17integral_constantIbLb1EE
                0x0000000008003eb6       0x16 /tmp/cczWlEH6.ltrans0.ltrans.o
 .text._ZNSt9_Any_data9_M_accessIPZN20AdcBridgeApplicationI9BoardImpl9WorkQueueILj8EEE12onTimerEventEvEUlvE_EERT_v
                0x0000000008003ecc       0x18 /tmp/cczWlEH6.ltrans0.ltrans.o
 .text._ZNSt9_Any_data9_M_accessIZN6AdcBusILj1ELj9E9LocalTimeL12AdcPrescaler0EL17AdcDmaStreamRemap0EEC4ESt5arrayIN7AdcBaseILj1ELS4_0EE7ChannelELj9EENS8_7TriggerESt8functionIFvvEEEUlmE_EERT_v
                0x0000000008003ee4       0x18 /tmp/cczWlEH6.ltrans0.ltrans.o
 .text._ZNSt14_Function_base13_Base_managerIZN6AdcBusILj1ELj9E9LocalTimeL12AdcPrescaler0EL17AdcDmaStreamRemap0EEC4ESt5arrayIN7AdcBaseILj1ELS4_0EE7ChannelELj9EENS8_7TriggerESt8functionIFvvEEEUlmE_E10_M_destroyERSt9_Any_dataSt17integral_constantIbLb1EE
                0x0000000008003efc       0x16 /tmp/cczWlEH6.ltrans0.ltrans.o
 .text._ZNSt9_Any_data9_M_accessIPZN20AdcBridgeApplicationI9BoardImpl9WorkQueueILj8EEE14runApplicationEvEUlvE1_EERT_v
                0x0000000008003f12       0x18 /tmp/cczWlEH6.ltrans0.ltrans.o
 .text._ZNSt9_Any_data9_M_accessIPZN20AdcBridgeApplicationI9BoardImpl9WorkQueueILj8EEE14runApplicationEvEUlvE0_EERT_v
                0x0000000008003f2a       0x18 /tmp/cczWlEH6.ltrans0.ltrans.o
 .text._ZNSt9_Any_data9_M_accessIPZN20AdcBridgeApplicationI9BoardImpl9WorkQueueILj8EEE14runApplicationEvEUlvE_EERT_v
                0x0000000008003f42       0x18 /tmp/cczWlEH6.ltrans0.ltrans.o
 .text._ZNSt9_Any_data9_M_accessIPZN6AdcBusILj1ELj9E9LocalTimeL12AdcPrescaler0EL17AdcDmaStreamRemap0EEC4ESt5arrayIN7AdcBaseILj1ELS4_0EE7ChannelELj9EENS8_7TriggerESt8functionIFvvEEEUlmE_EERT_v
                0x0000000008003f5a       0x18 /tmp/cczWlEH6.ltrans0.ltrans.o
 .text._ZNSt9_Any_data9_M_accessIPFvmEEERT_v
                0x0000000008003f72       0x18 /tmp/cczWlEH6.ltrans0.ltrans.o
 .text._ZNSt14_Function_base13_Base_managerIPFvmEE10_M_destroyERSt9_Any_dataSt17integral_constantIbLb1EE
                0x0000000008003f8a       0x16 /tmp/cczWlEH6.ltrans0.ltrans.o
 .text._ZNSt9_Any_data9_M_accessIPPFvmEEERT_v
                0x0000000008003fa0       0x18 /tmp/cczWlEH6.ltrans0.ltrans.o
 .text._ZNSt14numeric_limitsImE3maxEv
                0x0000000008003fb8       0x12 /tmp/cczWlEH6.ltrans0.ltrans.o
 .text._ZN19GromAdcBridgeDeviceI9LocalTimeE13getMotherTimeEv
                0x0000000008003fca       0x56 /tmp/cczWlEH6.ltrans0.ltrans.o
 .text._ZNSt14numeric_limitsItE3maxEv
                0x0000000008004020       0x12 /tmp/cczWlEH6.ltrans0.ltrans.o
 .text._ZnwjPv  0x0000000008004032       0x18 /tmp/cczWlEH6.ltrans0.ltrans.o
 .text._ZN9__gnu_cxx13new_allocatorIhE9constructIhJhEEEvPT_DpOT0_
                0x000000000800404a       0x30 /tmp/cczWlEH6.ltrans0.ltrans.o
 .text._ZNSt16allocator_traitsISaIhEE9constructIhJhEEEvRS0_PT_DpOT0_
                0x000000000800407a       0x24 /tmp/cczWlEH6.ltrans0.ltrans.o
 .text._ZN9__gnu_cxx13new_allocatorIhE9constructIhJRKhEEEvPT_DpOT0_
                0x000000000800409e       0x30 /tmp/cczWlEH6.ltrans0.ltrans.o
 .text._ZNSt16allocator_traitsISaIhEE9constructIhJRKhEEEvRS0_PT_DpOT0_
                0x00000000080040ce       0x24 /tmp/cczWlEH6.ltrans0.ltrans.o
 .text._ZNSt14_Function_base13_Base_managerIZN20AdcBridgeApplicationI9BoardImpl9WorkQueueILj8EEE12onTimerEventEvEUlvE_E8_M_cloneERSt9_Any_dataRKS8_St17integral_constantIbLb1EE
                0x00000000080040f2       0x34 /tmp/cczWlEH6.ltrans0.ltrans.o
 .text._ZNSt14_Function_base13_Base_managerIZN20AdcBridgeApplicationI9BoardImpl9WorkQueueILj8EEE12onTimerEventEvEUlvE_E10_M_managerERSt9_Any_dataRKS8_St18_Manager_operation
                0x0000000008004126       0x4e /tmp/cczWlEH6.ltrans0.ltrans.o
 .text._ZNSt14_Function_base13_Base_managerIZN20AdcBridgeApplicationI9BoardImpl9WorkQueueILj8EEE12onTimerEventEvEUlvE_E15_M_init_functorERSt9_Any_dataOS6_St17integral_constantIbLb1EE
                0x0000000008004174       0x34 /tmp/cczWlEH6.ltrans0.ltrans.o
 .text._ZNSt14_Function_base13_Base_managerIZN20AdcBridgeApplicationI9BoardImpl9WorkQueueILj8EEE12onTimerEventEvEUlvE_E15_M_init_functorERSt9_Any_dataOS6_
                0x00000000080041a8       0x22 /tmp/cczWlEH6.ltrans0.ltrans.o
 *fill*         0x00000000080041ca        0x2 
 .text._ZNSt8functionIFvvEEC2IZN20AdcBridgeApplicationI9BoardImpl9WorkQueueILj8EEE12onTimerEventEvEUlvE_vvEET_
                0x00000000080041cc       0x54 /tmp/cczWlEH6.ltrans0.ltrans.o
 .text._ZNSt14_Function_base13_Base_managerIZN20AdcBridgeApplicationI9BoardImpl9WorkQueueILj8EEE14runApplicationEvEUlvE1_E8_M_cloneERSt9_Any_dataRKS8_St17integral_constantIbLb1EE
                0x0000000008004220       0x34 /tmp/cczWlEH6.ltrans0.ltrans.o
 .text._ZNSt14_Function_base13_Base_managerIZN20AdcBridgeApplicationI9BoardImpl9WorkQueueILj8EEE14runApplicationEvEUlvE1_E10_M_managerERSt9_Any_dataRKS8_St18_Manager_operation
                0x0000000008004254       0x4e /tmp/cczWlEH6.ltrans0.ltrans.o
 .text._ZNSt14_Function_base13_Base_managerIZN20AdcBridgeApplicationI9BoardImpl9WorkQueueILj8EEE14runApplicationEvEUlvE1_E15_M_init_functorERSt9_Any_dataOS6_St17integral_constantIbLb1EE
                0x00000000080042a2       0x34 /tmp/cczWlEH6.ltrans0.ltrans.o
 .text._ZNSt14_Function_base13_Base_managerIZN20AdcBridgeApplicationI9BoardImpl9WorkQueueILj8EEE14runApplicationEvEUlvE1_E15_M_init_functorERSt9_Any_dataOS6_
                0x00000000080042d6       0x22 /tmp/cczWlEH6.ltrans0.ltrans.o
 .text._ZNSt8functionIFvvEEC2IZN20AdcBridgeApplicationI9BoardImpl9WorkQueueILj8EEE14runApplicationEvEUlvE1_vvEET_
                0x00000000080042f8       0x54 /tmp/cczWlEH6.ltrans0.ltrans.o
 .text._ZNSt14_Function_base13_Base_managerIZN20AdcBridgeApplicationI9BoardImpl9WorkQueueILj8EEE14runApplicationEvEUlvE0_E8_M_cloneERSt9_Any_dataRKS8_St17integral_constantIbLb1EE
                0x000000000800434c       0x34 /tmp/cczWlEH6.ltrans0.ltrans.o
 .text._ZNSt14_Function_base13_Base_managerIZN20AdcBridgeApplicationI9BoardImpl9WorkQueueILj8EEE14runApplicationEvEUlvE0_E10_M_managerERSt9_Any_dataRKS8_St18_Manager_operation
                0x0000000008004380       0x4e /tmp/cczWlEH6.ltrans0.ltrans.o
 .text._ZNSt14_Function_base13_Base_managerIZN20AdcBridgeApplicationI9BoardImpl9WorkQueueILj8EEE14runApplicationEvEUlvE0_E15_M_init_functorERSt9_Any_dataOS6_St17integral_constantIbLb1EE
                0x00000000080043ce       0x34 /tmp/cczWlEH6.ltrans0.ltrans.o
 .text._ZNSt14_Function_base13_Base_managerIZN20AdcBridgeApplicationI9BoardImpl9WorkQueueILj8EEE14runApplicationEvEUlvE0_E15_M_init_functorERSt9_Any_dataOS6_
                0x0000000008004402       0x22 /tmp/cczWlEH6.ltrans0.ltrans.o
 .text._ZNSt8functionIFvvEEC2IZN20AdcBridgeApplicationI9BoardImpl9WorkQueueILj8EEE14runApplicationEvEUlvE0_vvEET_
                0x0000000008004424       0x54 /tmp/cczWlEH6.ltrans0.ltrans.o
 .text._ZNSt14_Function_base13_Base_managerIZN20AdcBridgeApplicationI9BoardImpl9WorkQueueILj8EEE14runApplicationEvEUlvE_E8_M_cloneERSt9_Any_dataRKS8_St17integral_constantIbLb1EE
                0x0000000008004478       0x34 /tmp/cczWlEH6.ltrans0.ltrans.o
 .text._ZNSt14_Function_base13_Base_managerIZN20AdcBridgeApplicationI9BoardImpl9WorkQueueILj8EEE14runApplicationEvEUlvE_E10_M_managerERSt9_Any_dataRKS8_St18_Manager_operation
                0x00000000080044ac       0x4e /tmp/cczWlEH6.ltrans0.ltrans.o
 .text._ZNSt14_Function_base13_Base_managerIZN20AdcBridgeApplicationI9BoardImpl9WorkQueueILj8EEE14runApplicationEvEUlvE_E15_M_init_functorERSt9_Any_dataOS6_St17integral_constantIbLb1EE
                0x00000000080044fa       0x34 /tmp/cczWlEH6.ltrans0.ltrans.o
 .text._ZNSt14_Function_base13_Base_managerIZN20AdcBridgeApplicationI9BoardImpl9WorkQueueILj8EEE14runApplicationEvEUlvE_E15_M_init_functorERSt9_Any_dataOS6_
                0x000000000800452e       0x22 /tmp/cczWlEH6.ltrans0.ltrans.o
 .text._ZNSt8functionIFvvEEC2IZN20AdcBridgeApplicationI9BoardImpl9WorkQueueILj8EEE14runApplicationEvEUlvE_vvEET_
                0x0000000008004550       0x54 /tmp/cczWlEH6.ltrans0.ltrans.o
 .text._ZNSt14_Function_base13_Base_managerIZN6AdcBusILj1ELj9E9LocalTimeL12AdcPrescaler0EL17AdcDmaStreamRemap0EEC4ESt5arrayIN7AdcBaseILj1ELS4_0EE7ChannelELj9EENS8_7TriggerESt8functionIFvvEEEUlmE_E8_M_cloneERSt9_Any_dataRKSH_St17integral_constantIbLb1EE
                0x00000000080045a4       0x34 /tmp/cczWlEH6.ltrans0.ltrans.o
 .text._ZNSt14_Function_base13_Base_managerIZN6AdcBusILj1ELj9E9LocalTimeL12AdcPrescaler0EL17AdcDmaStreamRemap0EEC4ESt5arrayIN7AdcBaseILj1ELS4_0EE7ChannelELj9EENS8_7TriggerESt8functionIFvvEEEUlmE_E10_M_managerERSt9_Any_dataRKSH_St18_Manager_operation
                0x00000000080045d8       0x4e /tmp/cczWlEH6.ltrans0.ltrans.o
 .text._ZNSt14_Function_base13_Base_managerIZN6AdcBusILj1ELj9E9LocalTimeL12AdcPrescaler0EL17AdcDmaStreamRemap0EEC4ESt5arrayIN7AdcBaseILj1ELS4_0EE7ChannelELj9EENS8_7TriggerESt8functionIFvvEEEUlmE_E15_M_init_functorERSt9_Any_dataOSF_St17integral_constantIbLb1EE
                0x0000000008004626       0x34 /tmp/cczWlEH6.ltrans0.ltrans.o
 .text._ZNSt14_Function_base13_Base_managerIZN6AdcBusILj1ELj9E9LocalTimeL12AdcPrescaler0EL17AdcDmaStreamRemap0EEC4ESt5arrayIN7AdcBaseILj1ELS4_0EE7ChannelELj9EENS8_7TriggerESt8functionIFvvEEEUlmE_E15_M_init_functorERSt9_Any_dataOSF_
                0x000000000800465a       0x22 /tmp/cczWlEH6.ltrans0.ltrans.o
 .text._ZNSt8functionIFvmEEC2IZN6AdcBusILj1ELj9E9LocalTimeL12AdcPrescaler0EL17AdcDmaStreamRemap0EEC4ESt5arrayIN7AdcBaseILj1ELS6_0EE7ChannelELj9EENSA_7TriggerES_IFvvEEEUlmE_vvEET_
                0x000000000800467c       0x54 /tmp/cczWlEH6.ltrans0.ltrans.o
 .text._ZN6AdcBusILj1ELj9E9LocalTimeL12AdcPrescaler0EL17AdcDmaStreamRemap0EEC2ESt5arrayIN7AdcBaseILj1ELS2_0EE7ChannelELj9EENS6_7TriggerESt8functionIFvvEE
                0x00000000080046d0      0x17c /tmp/cczWlEH6.ltrans0.ltrans.o
 .text._ZNSt14_Function_base13_Base_managerIPFvmEE8_M_cloneERSt9_Any_dataRKS4_St17integral_constantIbLb1EE
                0x000000000800484c       0x34 /tmp/cczWlEH6.ltrans0.ltrans.o
 .text._ZNSt14_Function_base13_Base_managerIPFvmEE10_M_managerERSt9_Any_dataRKS4_St18_Manager_operation
                0x0000000008004880       0x4e /tmp/cczWlEH6.ltrans0.ltrans.o
 .text._ZNSt14_Function_base13_Base_managerIPFvmEE15_M_init_functorERSt9_Any_dataOS2_St17integral_constantIbLb1EE
                0x00000000080048ce       0x34 /tmp/cczWlEH6.ltrans0.ltrans.o
 .text._ZNSt14_Function_base13_Base_managerIPFvmEE15_M_init_functorERSt9_Any_dataOS2_
                0x0000000008004902       0x22 /tmp/cczWlEH6.ltrans0.ltrans.o
 .text._ZNSt8functionIFvmEEC2IPS0_vvEET_
                0x0000000008004924       0x54 /tmp/cczWlEH6.ltrans0.ltrans.o
 .text._ZNKSt8functionIFvmEEclEm
                0x0000000008004978       0x38 /tmp/cczWlEH6.ltrans0.ltrans.o
 .text._ZN7DmaBaseILj2ELj7EE9handleIrqEm
                0x00000000080049b0       0x3c /tmp/cczWlEH6.ltrans0.ltrans.o
 .text._ZN7DmaBaseILj2ELj6EE9handleIrqEm
                0x00000000080049ec       0x3c /tmp/cczWlEH6.ltrans0.ltrans.o
 .text._ZN7DmaBaseILj2ELj5EE9handleIrqEm
                0x0000000008004a28       0x3c /tmp/cczWlEH6.ltrans0.ltrans.o
 .text._ZN7DmaBaseILj2ELj4EE9handleIrqEm
                0x0000000008004a64       0x3c /tmp/cczWlEH6.ltrans0.ltrans.o
 .text._ZN7DmaBaseILj2ELj3EE9handleIrqEm
                0x0000000008004aa0       0x3c /tmp/cczWlEH6.ltrans0.ltrans.o
 .text._ZN7DmaBaseILj2ELj2EE9handleIrqEm
                0x0000000008004adc       0x3c /tmp/cczWlEH6.ltrans0.ltrans.o
 .text._ZN7DmaBaseILj2ELj1EE9handleIrqEm
                0x0000000008004b18       0x3c /tmp/cczWlEH6.ltrans0.ltrans.o
 .text._ZN7DmaBaseILj2ELj0EE9handleIrqEm
                0x0000000008004b54       0x3c /tmp/cczWlEH6.ltrans0.ltrans.o
 .text._ZN7DmaBaseILj1ELj7EE9handleIrqEm
                0x0000000008004b90       0x3c /tmp/cczWlEH6.ltrans0.ltrans.o
 .text._ZN7DmaBaseILj1ELj6EE9handleIrqEm
                0x0000000008004bcc       0x3c /tmp/cczWlEH6.ltrans0.ltrans.o
 .text._ZN7DmaBaseILj1ELj5EE9handleIrqEm
                0x0000000008004c08       0x3c /tmp/cczWlEH6.ltrans0.ltrans.o
 .text._ZN7DmaBaseILj1ELj4EE9handleIrqEm
                0x0000000008004c44       0x3c /tmp/cczWlEH6.ltrans0.ltrans.o
 .text._ZN7DmaBaseILj1ELj3EE9handleIrqEm
                0x0000000008004c80       0x3c /tmp/cczWlEH6.ltrans0.ltrans.o
 .text._ZN7DmaBaseILj1ELj2EE9handleIrqEm
                0x0000000008004cbc       0x3c /tmp/cczWlEH6.ltrans0.ltrans.o
 .text._ZN7DmaBaseILj1ELj1EE9handleIrqEm
                0x0000000008004cf8       0x3c /tmp/cczWlEH6.ltrans0.ltrans.o
 .text._ZN7DmaBaseILj1ELj0EE9handleIrqEm
                0x0000000008004d34       0x3c /tmp/cczWlEH6.ltrans0.ltrans.o
 .text._ZNKSt8functionIFvvEEclEv
                0x0000000008004d70       0x2a /tmp/cczWlEH6.ltrans0.ltrans.o
 .text._ZN5TimerILj2ELb0EE7handlerEv
                0x0000000008004d9a       0x34 /tmp/cczWlEH6.ltrans0.ltrans.o
 *fill*         0x0000000008004dce        0x2 
 .text._ZN5TimerILj3ELb1EE7handlerEv
                0x0000000008004dd0       0x38 /tmp/cczWlEH6.ltrans0.ltrans.o
 .text._ZN6AdcBusILj1ELj9E9LocalTimeL12AdcPrescaler0EL17AdcDmaStreamRemap0EE7handlerEm
                0x0000000008004e08       0x3e /tmp/cczWlEH6.ltrans0.ltrans.o
 .text._ZZN6AdcBusILj1ELj9E9LocalTimeL12AdcPrescaler0EL17AdcDmaStreamRemap0EEC4ESt5arrayIN7AdcBaseILj1ELS2_0EE7ChannelELj9EENS6_7TriggerESt8functionIFvvEEENKUlmE_clEm
                0x0000000008004e46       0x1c /tmp/cczWlEH6.ltrans0.ltrans.o
 .text._ZNSt17_Function_handlerIFvmEZN6AdcBusILj1ELj9E9LocalTimeL12AdcPrescaler0EL17AdcDmaStreamRemap0EEC4ESt5arrayIN7AdcBaseILj1ELS4_0EE7ChannelELj9EENS8_7TriggerESt8functionIFvvEEEUlmE_E9_M_invokeERKSt9_Any_dataOm
                0x0000000008004e62       0x2a /tmp/cczWlEH6.ltrans0.ltrans.o
 .text._ZN5QueueIhLj272EE3popEv
                0x0000000008004e8c       0x3c /tmp/cczWlEH6.ltrans0.ltrans.o
 .text._ZN5QueueIhLj64EE4pushERKh
                0x0000000008004ec8       0x38 /tmp/cczWlEH6.ltrans0.ltrans.o
 .text._ZN5UsartILj1ELj64ELj272EE7handlerEv
                0x0000000008004f00      0x130 /tmp/cczWlEH6.ltrans0.ltrans.o
 .text._ZN5QueueIhLj64EE3popEv
                0x0000000008005030       0x38 /tmp/cczWlEH6.ltrans0.ltrans.o
 .text._ZN5UsartILj1ELj64ELj272EE4readEPvj
                0x0000000008005068       0x74 /tmp/cczWlEH6.ltrans0.ltrans.o
 .text._ZN10DmaChannelILj2ELj7EE5startEPvPKvj
                0x00000000080050dc       0xa4 /tmp/cczWlEH6.ltrans0.ltrans.o
 .text._ZN5QueueISt8functionIFvvEELj8EE4pushERKS2_
                0x0000000008005180       0x3c /tmp/cczWlEH6.ltrans0.ltrans.o
 .text._ZN9WorkQueueILj8EE3addESt8functionIFvvEE
                0x00000000080051bc       0x42 /tmp/cczWlEH6.ltrans0.ltrans.o
 .text._ZN20AdcBridgeApplicationI9BoardImpl9WorkQueueILj8EEE12onTimerEventEv
                0x00000000080051fe       0x38 /tmp/cczWlEH6.ltrans0.ltrans.o
 .text._ZZN20AdcBridgeApplicationI9BoardImpl9WorkQueueILj8EEE14runApplicationEvENKUlvE_clEv
                0x0000000008005236       0x18 /tmp/cczWlEH6.ltrans0.ltrans.o
 .text._ZNSt17_Function_handlerIFvvEZN20AdcBridgeApplicationI9BoardImpl9WorkQueueILj8EEE14runApplicationEvEUlvE_E9_M_invokeERKSt9_Any_data
                0x000000000800524e       0x1c /tmp/cczWlEH6.ltrans0.ltrans.o
 *fill*         0x000000000800526a        0x2 
 .text._ZN5QueueISt8functionIFvvEELj8EE3popEv
                0x000000000800526c       0x40 /tmp/cczWlEH6.ltrans0.ltrans.o
 .text._ZN9WorkQueueILj8EE3runEv
                0x00000000080052ac       0x76 /tmp/cczWlEH6.ltrans0.ltrans.o
 *fill*         0x0000000008005322        0x2 
 .text._ZN10DmaChannelILj2ELj0EE5startEPvPKvj
                0x0000000008005324       0xa4 /tmp/cczWlEH6.ltrans0.ltrans.o
 .text._ZN6AdcBusILj1ELj9E9LocalTimeL12AdcPrescaler0EL17AdcDmaStreamRemap0EE5startEv
                0x00000000080053c8       0x3c /tmp/cczWlEH6.ltrans0.ltrans.o
 .text._ZN20AdcBridgeApplicationI9BoardImpl9WorkQueueILj8EEE14runApplicationEv
                0x0000000008005404       0xca /tmp/cczWlEH6.ltrans0.ltrans.o
 .text._ZN20AdcBridgeApplicationI9BoardImpl9WorkQueueILj8EEE3runEv
                0x00000000080054ce       0x18 /tmp/cczWlEH6.ltrans0.ltrans.o
 *fill*         0x00000000080054e6        0x2 
 .text._ZN5TimerILj3ELb1EEC2EmmSt8functionIFvvEE
                0x00000000080054e8       0xd8 /tmp/cczWlEH6.ltrans0.ltrans.o
 .text._ZN5TimerILj2ELb0EEC2EmmSt8functionIFvvEE
                0x00000000080055c0       0xe0 /tmp/cczWlEH6.ltrans0.ltrans.o
 .text._ZN10DmaChannelILj2ELj7EED0Ev
                0x00000000080056a0       0x20 /tmp/cczWlEH6.ltrans0.ltrans.o
 .text._ZN7DmaBaseILj2ELj7EED0Ev
                0x00000000080056c0       0x20 /tmp/cczWlEH6.ltrans0.ltrans.o
 .text._ZN6AdcBusILj1ELj9E9LocalTimeL12AdcPrescaler0EL17AdcDmaStreamRemap0EED0Ev
                0x00000000080056e0       0x20 /tmp/cczWlEH6.ltrans0.ltrans.o
 .text._ZN10DmaChannelILj2ELj0EED0Ev
                0x0000000008005700       0x20 /tmp/cczWlEH6.ltrans0.ltrans.o
 .text._ZN7DmaBaseILj2ELj0EED0Ev
                0x0000000008005720       0x20 /tmp/cczWlEH6.ltrans0.ltrans.o
 .text._ZN7AdcBaseILj1EL17AdcDmaStreamRemap0EED0Ev
                0x0000000008005740       0x20 /tmp/cczWlEH6.ltrans0.ltrans.o
 .text._ZN5UsartILj1ELj64ELj272EED0Ev
                0x0000000008005760       0x22 /tmp/cczWlEH6.ltrans0.ltrans.o
 .text._ZN5TimerILj3ELb1EED0Ev
                0x0000000008005782       0x20 /tmp/cczWlEH6.ltrans0.ltrans.o
 .text._ZN5TimerILj2ELb0EED0Ev
                0x00000000080057a2       0x20 /tmp/cczWlEH6.ltrans0.ltrans.o
 .text._ZNSt11__copy_moveILb1ELb1ESt26random_access_iterator_tagE8__copy_mIhEEPT_PKS3_S6_S4_
                0x00000000080057c2       0x34 /tmp/cczWlEH6.ltrans0.ltrans.o
 .text._ZSt13__copy_move_aILb1EPhS0_ET1_T0_S2_S1_
                0x00000000080057f6       0x24 /tmp/cczWlEH6.ltrans0.ltrans.o
 .text._ZSt14__copy_move_a2ILb1EPhS0_ET1_T0_S2_S1_
                0x000000000800581a       0x38 /tmp/cczWlEH6.ltrans0.ltrans.o
 .text._ZSt4copyISt13move_iteratorIPhES1_ET0_T_S4_S3_
                0x0000000008005852       0x30 /tmp/cczWlEH6.ltrans0.ltrans.o
 .text._ZNSt20__uninitialized_copyILb1EE13__uninit_copyISt13move_iteratorIPhES3_EET0_T_S6_S5_
                0x0000000008005882       0x20 /tmp/cczWlEH6.ltrans0.ltrans.o
 .text._ZSt18uninitialized_copyISt13move_iteratorIPhES1_ET0_T_S4_S3_
                0x00000000080058a2       0x24 /tmp/cczWlEH6.ltrans0.ltrans.o
 .text._ZSt22__uninitialized_copy_aISt13move_iteratorIPhES1_hET0_T_S4_S3_RSaIT1_E
                0x00000000080058c6       0x22 /tmp/cczWlEH6.ltrans0.ltrans.o
 .text._ZSt34__uninitialized_move_if_noexcept_aIPhS0_SaIhEET0_T_S3_S2_RT1_
                0x00000000080058e8       0x32 /tmp/cczWlEH6.ltrans0.ltrans.o
 .text._ZSt8__fill_aIhEN9__gnu_cxx11__enable_ifIXsrSt9__is_byteIT_E7__valueEvE6__typeEPS3_S7_RKS3_
                0x000000000800591a       0x32 /tmp/cczWlEH6.ltrans0.ltrans.o
 .text._ZSt10__fill_n_aIjhEN9__gnu_cxx11__enable_ifIXsrSt9__is_byteIT0_E7__valueEPS3_E6__typeES5_T_RKS3_
                0x000000000800594c       0x2a /tmp/cczWlEH6.ltrans0.ltrans.o
 .text._ZSt6fill_nIPhjhET_S1_T0_RKT1_
                0x0000000008005976       0x28 /tmp/cczWlEH6.ltrans0.ltrans.o
 .text._ZNSt27__uninitialized_default_n_1ILb1EE18__uninit_default_nIPhjEET_S3_T0_
                0x000000000800599e       0x26 /tmp/cczWlEH6.ltrans0.ltrans.o
 .text._ZSt25__uninitialized_default_nIPhjET_S1_T0_
                0x00000000080059c4       0x20 /tmp/cczWlEH6.ltrans0.ltrans.o
 .text._ZSt27__uninitialized_default_n_aIPhjhET_S1_T0_RSaIT1_E
                0x00000000080059e4       0x1e /tmp/cczWlEH6.ltrans0.ltrans.o
 .text._ZN9__gnu_cxx13new_allocatorIhE8allocateEjPKv
                0x0000000008005a02       0x38 /tmp/cczWlEH6.ltrans0.ltrans.o
 .text._ZNSt16allocator_traitsISaIhEE8allocateERS0_j
                0x0000000008005a3a       0x1e /tmp/cczWlEH6.ltrans0.ltrans.o
 .text._ZNSt12_Vector_baseIhSaIhEE11_M_allocateEj
                0x0000000008005a58       0x28 /tmp/cczWlEH6.ltrans0.ltrans.o
 .text._ZNKSt6vectorIhSaIhEE14_M_range_checkEj
                0x0000000008005a80       0x40 /tmp/cczWlEH6.ltrans0.ltrans.o
 .text._ZNSt6vectorIhSaIhEE2atEj
                0x0000000008005ac0       0x24 /tmp/cczWlEH6.ltrans0.ltrans.o
 .text._ZNKSt6vectorIhSaIhEE12_M_check_lenEjPKc
                0x0000000008005ae4       0x90 /tmp/cczWlEH6.ltrans0.ltrans.o
 .text._ZN9__gnu_cxx13new_allocatorIhE10deallocateEPhj
                0x0000000008005b74       0x18 /tmp/cczWlEH6.ltrans0.ltrans.o
 .text._ZNSt16allocator_traitsISaIhEE10deallocateERS0_Phj
                0x0000000008005b8c       0x1c /tmp/cczWlEH6.ltrans0.ltrans.o
 .text._ZNSt12_Vector_baseIhSaIhEE13_M_deallocateEPhj
                0x0000000008005ba8       0x24 /tmp/cczWlEH6.ltrans0.ltrans.o
 .text._ZNSt6vectorIhSaIhEE17_M_realloc_insertIJhEEEvN9__gnu_cxx17__normal_iteratorIPhS1_EEDpOT_
                0x0000000008005bcc      0x110 /tmp/cczWlEH6.ltrans0.ltrans.o
 .text._ZNSt6vectorIhSaIhEE12emplace_backIJhEEEvDpOT_
                0x0000000008005cdc       0x5a /tmp/cczWlEH6.ltrans0.ltrans.o
 .text._ZNSt6vectorIhSaIhEE9push_backEOh
                0x0000000008005d36       0x20 /tmp/cczWlEH6.ltrans0.ltrans.o
 *fill*         0x0000000008005d56        0x2 
 .text._ZNSt6vectorIhSaIhEE17_M_realloc_insertIJRKhEEEvN9__gnu_cxx17__normal_iteratorIPhS1_EEDpOT_
                0x0000000008005d58      0x110 /tmp/cczWlEH6.ltrans0.ltrans.o
 .text._ZNSt6vectorIhSaIhEE9push_backERKh
                0x0000000008005e68       0x48 /tmp/cczWlEH6.ltrans0.ltrans.o
 .text._ZN20MotherBoardInterfaceI5UsartILj1ELj64ELj272EE10DmaChannelILj2ELj7EE19GromAdcBridgeDeviceI9LocalTimeE8FastCrc8E9putRxByteEh
                0x0000000008005eb0       0x22 /tmp/cczWlEH6.ltrans0.ltrans.o
 .text._ZN20MotherBoardInterfaceI5UsartILj1ELj64ELj272EE10DmaChannelILj2ELj7EE19GromAdcBridgeDeviceI9LocalTimeE8FastCrc8E12byteStuffingERSt6vectorIhSaIhEESC_
                0x0000000008005ed2       0x92 /tmp/cczWlEH6.ltrans0.ltrans.o
 .text._ZNSt6vectorIhSaIhEE17_M_default_appendEj
                0x0000000008005f64       0xf0 /tmp/cczWlEH6.ltrans0.ltrans.o
 .text._ZNSt6vectorIhSaIhEE6resizeEj
                0x0000000008006054       0x66 /tmp/cczWlEH6.ltrans0.ltrans.o
 .text._ZNSt12_Vector_baseIhSaIhEED2Ev
                0x00000000080060ba       0x32 /tmp/cczWlEH6.ltrans0.ltrans.o
 .text._ZNSt6vectorIhSaIhEED2Ev
                0x00000000080060ec       0x36 /tmp/cczWlEH6.ltrans0.ltrans.o
 .text._ZN20MotherBoardInterfaceI5UsartILj1ELj64ELj272EE10DmaChannelILj2ELj7EE19GromAdcBridgeDeviceI9LocalTimeE8FastCrc8ED2Ev
                0x0000000008006122       0x3e /tmp/cczWlEH6.ltrans0.ltrans.o
 .text._ZN20MotherBoardInterfaceI5UsartILj1ELj64ELj272EE10DmaChannelILj2ELj7EE19GromAdcBridgeDeviceI9LocalTimeE8FastCrc8E10parseFrameEPhj
                0x0000000008006160       0x8c /tmp/cczWlEH6.ltrans0.ltrans.o
 .text._ZN20MotherBoardInterfaceI5UsartILj1ELj64ELj272EE10DmaChannelILj2ELj7EE19GromAdcBridgeDeviceI9LocalTimeE8FastCrc8E23onInterfaceDataReceivedEPKvj
                0x00000000080061ec       0xdc /tmp/cczWlEH6.ltrans0.ltrans.o
 .text._ZN20AdcBridgeApplicationI9BoardImpl9WorkQueueILj8EEE16onSerialReceivedEv
                0x00000000080062c8       0x44 /tmp/cczWlEH6.ltrans0.ltrans.o
 .text._ZZN20AdcBridgeApplicationI9BoardImpl9WorkQueueILj8EEE14runApplicationEvENKUlvE1_clEv
                0x000000000800630c       0x18 /tmp/cczWlEH6.ltrans0.ltrans.o
 .text._ZNSt17_Function_handlerIFvvEZN20AdcBridgeApplicationI9BoardImpl9WorkQueueILj8EEE14runApplicationEvEUlvE1_E9_M_invokeERKSt9_Any_data
                0x0000000008006324       0x1c /tmp/cczWlEH6.ltrans0.ltrans.o
 .text._ZN20MotherBoardInterfaceI5UsartILj1ELj64ELj272EE10DmaChannelILj2ELj7EE19GromAdcBridgeDeviceI9LocalTimeE8FastCrc8E11sendMessageEPKvjh
                0x0000000008006340      0x1a6 /tmp/cczWlEH6.ltrans0.ltrans.o
 *fill*         0x00000000080064e6        0x2 
 .text._ZN20AdcBridgeApplicationI9BoardImpl9WorkQueueILj8EEE10onAdcEventEv
                0x00000000080064e8       0xc4 /tmp/cczWlEH6.ltrans0.ltrans.o
 .text._ZZN20AdcBridgeApplicationI9BoardImpl9WorkQueueILj8EEE14runApplicationEvENKUlvE0_clEv
                0x00000000080065ac       0x18 /tmp/cczWlEH6.ltrans0.ltrans.o
 .text._ZNSt17_Function_handlerIFvvEZN20AdcBridgeApplicationI9BoardImpl9WorkQueueILj8EEE14runApplicationEvEUlvE0_E9_M_invokeERKSt9_Any_data
                0x00000000080065c4       0x1c /tmp/cczWlEH6.ltrans0.ltrans.o
 .text._ZN9LocalTime6deinitEv
                0x00000000080065e0        0xe /tmp/cczWlEH6.ltrans0.ltrans.o
 .text._ZN9BoardImpl11InitializerD2Ev
                0x00000000080065ee       0x1a /tmp/cczWlEH6.ltrans0.ltrans.o
 .text._ZN20AdcBridgeApplicationI9BoardImpl9WorkQueueILj8EEED2Ev
                0x0000000008006608       0x7e /tmp/cczWlEH6.ltrans0.ltrans.o
 *fill*         0x0000000008006686        0x2 
 .text._ZN9LocalTime4initEv
                0x0000000008006688       0x38 /tmp/cczWlEH6.ltrans0.ltrans.o
 .text._ZN9BoardImpl11InitializerC2Ev
                0x00000000080066c0       0x5a /tmp/cczWlEH6.ltrans0.ltrans.o
 *fill*         0x000000000800671a        0x2 
 .text._ZN20AdcBridgeApplicationI9BoardImpl9WorkQueueILj8EEEC2Ev
                0x000000000800671c      0x1bc /tmp/cczWlEH6.ltrans0.ltrans.o
 .text._Z17genericDmaHandlerILj2ELj7EEvv
                0x00000000080068d8       0x2c /tmp/cczWlEH6.ltrans0.ltrans.o
 .text.dma2_stream7_isr
                0x0000000008006904        0xa /tmp/cczWlEH6.ltrans0.ltrans.o
 *fill*         0x000000000800690e        0x2 
 .text._Z17genericDmaHandlerILj2ELj6EEvv
                0x0000000008006910       0x2c /tmp/cczWlEH6.ltrans0.ltrans.o
 .text.dma2_stream6_isr
                0x000000000800693c        0xa /tmp/cczWlEH6.ltrans0.ltrans.o
 *fill*         0x0000000008006946        0x2 
 .text._Z17genericDmaHandlerILj2ELj5EEvv
                0x0000000008006948       0x2c /tmp/cczWlEH6.ltrans0.ltrans.o
 .text.dma2_stream5_isr
                0x0000000008006974        0xa /tmp/cczWlEH6.ltrans0.ltrans.o
 *fill*         0x000000000800697e        0x2 
 .text._Z17genericDmaHandlerILj2ELj4EEvv
                0x0000000008006980       0x28 /tmp/cczWlEH6.ltrans0.ltrans.o
 .text.dma2_stream4_isr
                0x00000000080069a8        0xa /tmp/cczWlEH6.ltrans0.ltrans.o
 *fill*         0x00000000080069b2        0x2 
 .text._Z17genericDmaHandlerILj2ELj3EEvv
                0x00000000080069b4       0x2c /tmp/cczWlEH6.ltrans0.ltrans.o
 .text.dma2_stream3_isr
                0x00000000080069e0        0xa /tmp/cczWlEH6.ltrans0.ltrans.o
 *fill*         0x00000000080069ea        0x2 
 .text._Z17genericDmaHandlerILj2ELj2EEvv
                0x00000000080069ec       0x2c /tmp/cczWlEH6.ltrans0.ltrans.o
 .text.dma2_stream2_isr
                0x0000000008006a18        0xa /tmp/cczWlEH6.ltrans0.ltrans.o
 *fill*         0x0000000008006a22        0x2 
 .text._Z17genericDmaHandlerILj2ELj1EEvv
                0x0000000008006a24       0x2c /tmp/cczWlEH6.ltrans0.ltrans.o
 .text.dma2_stream1_isr
                0x0000000008006a50        0xa /tmp/cczWlEH6.ltrans0.ltrans.o
 *fill*         0x0000000008006a5a        0x2 
 .text._Z17genericDmaHandlerILj2ELj0EEvv
                0x0000000008006a5c       0x28 /tmp/cczWlEH6.ltrans0.ltrans.o
 .text.dma2_stream0_isr
                0x0000000008006a84        0xa /tmp/cczWlEH6.ltrans0.ltrans.o
 *fill*         0x0000000008006a8e        0x2 
 .text._Z17genericDmaHandlerILj1ELj7EEvv
                0x0000000008006a90       0x2c /tmp/cczWlEH6.ltrans0.ltrans.o
 .text.dma1_stream7_isr
                0x0000000008006abc        0xa /tmp/cczWlEH6.ltrans0.ltrans.o
 *fill*         0x0000000008006ac6        0x2 
 .text._Z17genericDmaHandlerILj1ELj6EEvv
                0x0000000008006ac8       0x2c /tmp/cczWlEH6.ltrans0.ltrans.o
 .text.dma1_stream6_isr
                0x0000000008006af4        0xa /tmp/cczWlEH6.ltrans0.ltrans.o
 *fill*         0x0000000008006afe        0x2 
 .text._Z17genericDmaHandlerILj1ELj5EEvv
                0x0000000008006b00       0x2c /tmp/cczWlEH6.ltrans0.ltrans.o
 .text.dma1_stream5_isr
                0x0000000008006b2c        0xa /tmp/cczWlEH6.ltrans0.ltrans.o
 *fill*         0x0000000008006b36        0x2 
 .text._Z17genericDmaHandlerILj1ELj4EEvv
                0x0000000008006b38       0x28 /tmp/cczWlEH6.ltrans0.ltrans.o
 .text.dma1_stream4_isr
                0x0000000008006b60        0xa /tmp/cczWlEH6.ltrans0.ltrans.o
 *fill*         0x0000000008006b6a        0x2 
 .text._Z17genericDmaHandlerILj1ELj3EEvv
                0x0000000008006b6c       0x2c /tmp/cczWlEH6.ltrans0.ltrans.o
 .text.dma1_stream3_isr
                0x0000000008006b98        0xa /tmp/cczWlEH6.ltrans0.ltrans.o
 *fill*         0x0000000008006ba2        0x2 
 .text._Z17genericDmaHandlerILj1ELj2EEvv
                0x0000000008006ba4       0x2c /tmp/cczWlEH6.ltrans0.ltrans.o
 .text.dma1_stream2_isr
                0x0000000008006bd0        0xa /tmp/cczWlEH6.ltrans0.ltrans.o
 *fill*         0x0000000008006bda        0x2 
 .text._Z17genericDmaHandlerILj1ELj1EEvv
                0x0000000008006bdc       0x2c /tmp/cczWlEH6.ltrans0.ltrans.o
 .text.dma1_stream1_isr
                0x0000000008006c08        0xa /tmp/cczWlEH6.ltrans0.ltrans.o
 *fill*         0x0000000008006c12        0x2 
 .text._Z17genericDmaHandlerILj1ELj0EEvv
                0x0000000008006c14       0x28 /tmp/cczWlEH6.ltrans0.ltrans.o
 .text.dma1_stream0_isr
                0x0000000008006c3c        0xa /tmp/cczWlEH6.ltrans0.ltrans.o
 .text._kill    0x0000000008006c46       0x1a /tmp/cczWlEH6.ltrans0.ltrans.o
                0x0000000008006c46                _kill
 .text._write   0x0000000008006c60       0x1a /tmp/cczWlEH6.ltrans0.ltrans.o
                0x0000000008006c60                _write
 .text._read    0x0000000008006c7a       0x1a /tmp/cczWlEH6.ltrans0.ltrans.o
                0x0000000008006c7a                _read
 .text._lseek   0x0000000008006c94       0x1a /tmp/cczWlEH6.ltrans0.ltrans.o
                0x0000000008006c94                _lseek
 .text._isatty  0x0000000008006cae       0x16 /tmp/cczWlEH6.ltrans0.ltrans.o
                0x0000000008006cae                _isatty
 .text._getpid  0x0000000008006cc4       0x10 /tmp/cczWlEH6.ltrans0.ltrans.o
                0x0000000008006cc4                _getpid
 .text._close   0x0000000008006cd4       0x18 /tmp/cczWlEH6.ltrans0.ltrans.o
                0x0000000008006cd4                _close
 .text._exit    0x0000000008006cec        0xa /tmp/cczWlEH6.ltrans0.ltrans.o
                0x0000000008006cec                _exit
 .text.main     0x0000000008006cf6       0x2e /tmp/cczWlEH6.ltrans0.ltrans.o
 .text.reset_handler
                0x0000000008006d24       0x9c /tmp/cczWlEH6.ltrans0.ltrans.o
                0x0000000008006d24                reset_handler
 .text._Znwj    0x0000000008006dc0       0x22 /home/anton/bin/gcc-arm-none-eabi-9-2019-q4-major/bin/../lib/gcc/arm-none-eabi/7.2.1/../../../../arm-none-eabi/lib/thumb/v7e-m/fpv4-sp/hard/libstdc++_nano.a(new_op.o)
                0x0000000008006dc0                operator new(unsigned int)
 .text.__cxa_guard_acquire
                0x0000000008006de2       0x18 /home/anton/bin/gcc-arm-none-eabi-9-2019-q4-major/bin/../lib/gcc/arm-none-eabi/7.2.1/../../../../arm-none-eabi/lib/thumb/v7e-m/fpv4-sp/hard/libstdc++_nano.a(guard.o)
                0x0000000008006de2                __cxa_guard_acquire
 .text.__cxa_guard_release
                0x0000000008006dfa        0x6 /home/anton/bin/gcc-arm-none-eabi-9-2019-q4-major/bin/../lib/gcc/arm-none-eabi/7.2.1/../../../../arm-none-eabi/lib/thumb/v7e-m/fpv4-sp/hard/libstdc++_nano.a(guard.o)
                0x0000000008006dfa                __cxa_guard_release
 .text._ZdlPv   0x0000000008006e00        0x4 /home/anton/bin/gcc-arm-none-eabi-9-2019-q4-major/bin/../lib/gcc/arm-none-eabi/7.2.1/../../../../arm-none-eabi/lib/thumb/v7e-m/fpv4-sp/hard/libstdc++_nano.a(del_op.o)
                0x0000000008006e00                operator delete(void*)
 .text.__cxa_pure_virtual
                0x0000000008006e04        0x6 /home/anton/bin/gcc-arm-none-eabi-9-2019-q4-major/bin/../lib/gcc/arm-none-eabi/7.2.1/../../../../arm-none-eabi/lib/thumb/v7e-m/fpv4-sp/hard/libstdc++_nano.a(pure.o)
                0x0000000008006e04                __cxa_pure_virtual
 *fill*         0x0000000008006e0a        0x2 
 .text._ZSt15get_new_handlerv
                0x0000000008006e0c       0x10 /home/anton/bin/gcc-arm-none-eabi-9-2019-q4-major/bin/../lib/gcc/arm-none-eabi/7.2.1/../../../../arm-none-eabi/lib/thumb/v7e-m/fpv4-sp/hard/libstdc++_nano.a(new_handler.o)
                0x0000000008006e0c                std::get_new_handler()
 .text._ZN10__cxxabiv111__terminateEPFvvE
                0x0000000008006e1c        0x8 /home/anton/bin/gcc-arm-none-eabi-9-2019-q4-major/bin/../lib/gcc/arm-none-eabi/7.2.1/../../../../arm-none-eabi/lib/thumb/v7e-m/fpv4-sp/hard/libstdc++_nano.a(eh_terminate.o)
                0x0000000008006e1c                __cxxabiv1::__terminate(void (*)())
 .text._ZSt13get_terminatev
                0x0000000008006e24       0x10 /home/anton/bin/gcc-arm-none-eabi-9-2019-q4-major/bin/../lib/gcc/arm-none-eabi/7.2.1/../../../../arm-none-eabi/lib/thumb/v7e-m/fpv4-sp/hard/libstdc++_nano.a(eh_terminate.o)
                0x0000000008006e24                std::get_terminate()
 .text._ZSt9terminatev
                0x0000000008006e34        0xa /home/anton/bin/gcc-arm-none-eabi-9-2019-q4-major/bin/../lib/gcc/arm-none-eabi/7.2.1/../../../../arm-none-eabi/lib/thumb/v7e-m/fpv4-sp/hard/libstdc++_nano.a(eh_terminate.o)
                0x0000000008006e34                std::terminate()
 .text.__aeabi_atexit
                0x0000000008006e3e        0xa /home/anton/bin/gcc-arm-none-eabi-9-2019-q4-major/bin/../lib/gcc/arm-none-eabi/7.2.1/../../../../arm-none-eabi/lib/thumb/v7e-m/fpv4-sp/hard/libstdc++_nano.a(atexit_arm.o)
                0x0000000008006e3e                __aeabi_atexit
 .text._ZdlPvj  0x0000000008006e48        0x4 /home/anton/bin/gcc-arm-none-eabi-9-2019-q4-major/bin/../lib/gcc/arm-none-eabi/7.2.1/../../../../arm-none-eabi/lib/thumb/v7e-m/fpv4-sp/hard/libstdc++_nano.a(del_ops.o)
                0x0000000008006e48                operator delete(void*, unsigned int)
 .text._ZSt17__throw_bad_allocv
                0x0000000008006e4c        0x6 /home/anton/bin/gcc-arm-none-eabi-9-2019-q4-major/bin/../lib/gcc/arm-none-eabi/7.2.1/../../../../arm-none-eabi/lib/thumb/v7e-m/fpv4-sp/hard/libstdc++_nano.a(functexcept.o)
                0x0000000008006e4c                std::__throw_bad_alloc()
 .text._ZSt19__throw_logic_errorPKc
                0x0000000008006e52        0x6 /home/anton/bin/gcc-arm-none-eabi-9-2019-q4-major/bin/../lib/gcc/arm-none-eabi/7.2.1/../../../../arm-none-eabi/lib/thumb/v7e-m/fpv4-sp/hard/libstdc++_nano.a(functexcept.o)
                0x0000000008006e52                std::__throw_logic_error(char const*)
 .text._ZSt20__throw_length_errorPKc
                0x0000000008006e58        0x6 /home/anton/bin/gcc-arm-none-eabi-9-2019-q4-major/bin/../lib/gcc/arm-none-eabi/7.2.1/../../../../arm-none-eabi/lib/thumb/v7e-m/fpv4-sp/hard/libstdc++_nano.a(functexcept.o)
                0x0000000008006e58                std::__throw_length_error(char const*)
 .text._ZSt24__throw_out_of_range_fmtPKcz
                0x0000000008006e5e       0x36 /home/anton/bin/gcc-arm-none-eabi-9-2019-q4-major/bin/../lib/gcc/arm-none-eabi/7.2.1/../../../../arm-none-eabi/lib/thumb/v7e-m/fpv4-sp/hard/libstdc++_nano.a(functexcept.o)
                0x0000000008006e5e                std::__throw_out_of_range_fmt(char const*, ...)
 .text._ZSt25__throw_bad_function_callv
                0x0000000008006e94        0x6 /home/anton/bin/gcc-arm-none-eabi-9-2019-q4-major/bin/../lib/gcc/arm-none-eabi/7.2.1/../../../../arm-none-eabi/lib/thumb/v7e-m/fpv4-sp/hard/libstdc++_nano.a(functional.o)
                0x0000000008006e94                std::__throw_bad_function_call()
 *fill*         0x0000000008006e9a        0x2 
 .text._ZN9__gnu_cxx26__throw_insufficient_spaceEPKcS1_
                0x0000000008006e9c       0x4c /home/anton/bin/gcc-arm-none-eabi-9-2019-q4-major/bin/../lib/gcc/arm-none-eabi/7.2.1/../../../../arm-none-eabi/lib/thumb/v7e-m/fpv4-sp/hard/libstdc++_nano.a(snprintf_lite.o)
                0x0000000008006e9c                __gnu_cxx::__throw_insufficient_space(char const*, char const*)
 .text._ZN9__gnu_cxx15__concat_size_tEPcjj
                0x0000000008006ee8       0x50 /home/anton/bin/gcc-arm-none-eabi-9-2019-q4-major/bin/../lib/gcc/arm-none-eabi/7.2.1/../../../../arm-none-eabi/lib/thumb/v7e-m/fpv4-sp/hard/libstdc++_nano.a(snprintf_lite.o)
                0x0000000008006ee8                __gnu_cxx::__concat_size_t(char*, unsigned int, unsigned int)
 .text._ZN9__gnu_cxx15__snprintf_liteEPcjPKcSt9__va_list
                0x0000000008006f38       0x80 /home/anton/bin/gcc-arm-none-eabi-9-2019-q4-major/bin/../lib/gcc/arm-none-eabi/7.2.1/../../../../arm-none-eabi/lib/thumb/v7e-m/fpv4-sp/hard/libstdc++_nano.a(snprintf_lite.o)
                0x0000000008006f38                __gnu_cxx::__snprintf_lite(char*, unsigned int, char const*, std::__va_list)
 .text.abort    0x0000000008006fb8        0xe /home/anton/bin/gcc-arm-none-eabi-9-2019-q4-major/bin/../lib/gcc/arm-none-eabi/7.2.1/../../../../arm-none-eabi/lib/thumb/v7e-m/fpv4-sp/hard/libg_nano.a(lib_a-abort.o)
                0x0000000008006fb8                abort
 *fill*         0x0000000008006fc6        0x2 
 .text.__assert_func
                0x0000000008006fc8       0x3c /home/anton/bin/gcc-arm-none-eabi-9-2019-q4-major/bin/../lib/gcc/arm-none-eabi/7.2.1/../../../../arm-none-eabi/lib/thumb/v7e-m/fpv4-sp/hard/libg_nano.a(lib_a-assert.o)
                0x0000000008006fc8                __assert_func
 .text.__cxa_atexit
                0x0000000008007004       0x1c /home/anton/bin/gcc-arm-none-eabi-9-2019-q4-major/bin/../lib/gcc/arm-none-eabi/7.2.1/../../../../arm-none-eabi/lib/thumb/v7e-m/fpv4-sp/hard/libg_nano.a(lib_a-cxa_atexit.o)
                0x0000000008007004                __cxa_atexit
 .text.fprintf  0x0000000008007020       0x24 /home/anton/bin/gcc-arm-none-eabi-9-2019-q4-major/bin/../lib/gcc/arm-none-eabi/7.2.1/../../../../arm-none-eabi/lib/thumb/v7e-m/fpv4-sp/hard/libg_nano.a(lib_a-fprintf.o)
                0x0000000008007020                fprintf
                0x0000000008007020                fiprintf
 .text.malloc   0x0000000008007044       0x10 /home/anton/bin/gcc-arm-none-eabi-9-2019-q4-major/bin/../lib/gcc/arm-none-eabi/7.2.1/../../../../arm-none-eabi/lib/thumb/v7e-m/fpv4-sp/hard/libg_nano.a(lib_a-malloc.o)
                0x0000000008007044                malloc
 .text.free     0x0000000008007054       0x10 /home/anton/bin/gcc-arm-none-eabi-9-2019-q4-major/bin/../lib/gcc/arm-none-eabi/7.2.1/../../../../arm-none-eabi/lib/thumb/v7e-m/fpv4-sp/hard/libg_nano.a(lib_a-malloc.o)
                0x0000000008007054                free
 .text.memcpy   0x0000000008007064       0x16 /home/anton/bin/gcc-arm-none-eabi-9-2019-q4-major/bin/../lib/gcc/arm-none-eabi/7.2.1/../../../../arm-none-eabi/lib/thumb/v7e-m/fpv4-sp/hard/libg_nano.a(lib_a-memcpy-stub.o)
                0x0000000008007064                memcpy
 *fill*         0x000000000800707a        0x2 
 .text._free_r  0x000000000800707c       0x9c /home/anton/bin/gcc-arm-none-eabi-9-2019-q4-major/bin/../lib/gcc/arm-none-eabi/7.2.1/../../../../arm-none-eabi/lib/thumb/v7e-m/fpv4-sp/hard/libg_nano.a(lib_a-nano-freer.o)